Component: ARM Compiler 5.06 update 7 (build 960) Tool: armlink [4d3601]

==============================================================================

Section Cross References

    startup_stm32f446xx.o(STACK) refers (Special) to heapauxi.o(.text) for __use_two_region_memory
    startup_stm32f446xx.o(HEAP) refers (Special) to heapauxi.o(.text) for __use_two_region_memory
    startup_stm32f446xx.o(RESET) refers (Special) to heapauxi.o(.text) for __use_two_region_memory
    startup_stm32f446xx.o(RESET) refers to startup_stm32f446xx.o(STACK) for __initial_sp
    startup_stm32f446xx.o(RESET) refers to startup_stm32f446xx.o(.text) for Reset_Handler
    startup_stm32f446xx.o(RESET) refers to stm32f4xx_it.o(i.NMI_Handler) for NMI_Handler
    startup_stm32f446xx.o(RESET) refers to stm32f4xx_it.o(i.HardFault_Handler) for HardFault_Handler
    startup_stm32f446xx.o(RESET) refers to stm32f4xx_it.o(i.MemManage_Handler) for MemManage_Handler
    startup_stm32f446xx.o(RESET) refers to stm32f4xx_it.o(i.BusFault_Handler) for BusFault_Handler
    startup_stm32f446xx.o(RESET) refers to stm32f4xx_it.o(i.UsageFault_Handler) for UsageFault_Handler
    startup_stm32f446xx.o(RESET) refers to stm32f4xx_it.o(i.SVC_Handler) for SVC_Handler
    startup_stm32f446xx.o(RESET) refers to stm32f4xx_it.o(i.DebugMon_Handler) for DebugMon_Handler
    startup_stm32f446xx.o(RESET) refers to stm32f4xx_it.o(i.PendSV_Handler) for PendSV_Handler
    startup_stm32f446xx.o(RESET) refers to stm32f4xx_it.o(i.SysTick_Handler) for SysTick_Handler
    startup_stm32f446xx.o(RESET) refers to stm32f4xx_it.o(i.CAN1_RX0_IRQHandler) for CAN1_RX0_IRQHandler
    startup_stm32f446xx.o(RESET) refers to stm32f4xx_it.o(i.CAN1_RX1_IRQHandler) for CAN1_RX1_IRQHandler
    startup_stm32f446xx.o(RESET) refers to stm32f4xx_it.o(i.TIM1_UP_TIM10_IRQHandler) for TIM1_UP_TIM10_IRQHandler
    startup_stm32f446xx.o(RESET) refers to stm32f4xx_it.o(i.CAN2_RX0_IRQHandler) for CAN2_RX0_IRQHandler
    startup_stm32f446xx.o(RESET) refers to stm32f4xx_it.o(i.CAN2_RX1_IRQHandler) for CAN2_RX1_IRQHandler
    startup_stm32f446xx.o(RESET) refers to stm32f4xx_it.o(i.OTG_FS_IRQHandler) for OTG_FS_IRQHandler
    startup_stm32f446xx.o(.text) refers (Special) to heapauxi.o(.text) for __use_two_region_memory
    startup_stm32f446xx.o(.text) refers to system_stm32f4xx.o(i.SystemInit) for SystemInit
    startup_stm32f446xx.o(.text) refers to __main.o(!!!main) for __main
    startup_stm32f446xx.o(.text) refers to startup_stm32f446xx.o(HEAP) for Heap_Mem
    startup_stm32f446xx.o(.text) refers to startup_stm32f446xx.o(STACK) for Stack_Mem
    main.o(i.HAL_TIM_PeriodElapsedCallback) refers to main.o(.data) for freq_1k
    main.o(i.SystemClock_Config) refers to rt_memclr_w.o(.text) for __aeabi_memclr4
    main.o(i.SystemClock_Config) refers to stm32f4xx_hal_rcc_ex.o(i.HAL_RCC_OscConfig) for HAL_RCC_OscConfig
    main.o(i.SystemClock_Config) refers to main.o(i.Error_Handler) for Error_Handler
    main.o(i.SystemClock_Config) refers to stm32f4xx_hal_rcc.o(i.HAL_RCC_ClockConfig) for HAL_RCC_ClockConfig
    main.o(i.main) refers to stm32f4xx_hal.o(i.HAL_Init) for HAL_Init
    main.o(i.main) refers to main.o(i.SystemClock_Config) for SystemClock_Config
    main.o(i.main) refers to gpio.o(i.MX_GPIO_Init) for MX_GPIO_Init
    main.o(i.main) refers to can.o(i.MX_CAN1_Init) for MX_CAN1_Init
    main.o(i.main) refers to tim.o(i.MX_TIM1_Init) for MX_TIM1_Init
    main.o(i.main) refers to usb_device.o(i.MX_USB_DEVICE_Init) for MX_USB_DEVICE_Init
    main.o(i.main) refers to can.o(i.MX_CAN2_Init) for MX_CAN2_Init
    main.o(i.main) refers to can.o(i.CAN_FilterInit) for CAN_FilterInit
    main.o(i.main) refers to stm32f4xx_hal_can.o(i.HAL_CAN_Start) for HAL_CAN_Start
    main.o(i.main) refers to dm_imu.o(i.IMU_RequestData) for IMU_RequestData
    main.o(i.main) refers to can.o(.bss) for hcan1
    main.o(i.main) refers to main.o(.data) for freq_1k
    gpio.o(i.MX_GPIO_Init) refers to rt_memclr_w.o(.text) for __aeabi_memclr4
    gpio.o(i.MX_GPIO_Init) refers to stm32f4xx_hal_gpio.o(i.HAL_GPIO_Init) for HAL_GPIO_Init
    gpio.o(i.MX_GPIO_Init) refers to stm32f4xx_hal_gpio.o(i.HAL_GPIO_WritePin) for HAL_GPIO_WritePin
    can.o(i.CAN_FilterInit) refers to stm32f4xx_hal_can.o(i.HAL_CAN_ConfigFilter) for HAL_CAN_ConfigFilter
    can.o(i.CAN_FilterInit) refers to can.o(.bss) for hcan1
    can.o(i.HAL_CAN_MspDeInit) refers to stm32f4xx_hal_gpio.o(i.HAL_GPIO_DeInit) for HAL_GPIO_DeInit
    can.o(i.HAL_CAN_MspDeInit) refers to stm32f4xx_hal_cortex.o(i.HAL_NVIC_DisableIRQ) for HAL_NVIC_DisableIRQ
    can.o(i.HAL_CAN_MspDeInit) refers to can.o(.data) for HAL_RCC_CAN1_CLK_ENABLED
    can.o(i.HAL_CAN_MspInit) refers to rt_memclr_w.o(.text) for __aeabi_memclr4
    can.o(i.HAL_CAN_MspInit) refers to stm32f4xx_hal_gpio.o(i.HAL_GPIO_Init) for HAL_GPIO_Init
    can.o(i.HAL_CAN_MspInit) refers to stm32f4xx_hal_cortex.o(i.HAL_NVIC_SetPriority) for HAL_NVIC_SetPriority
[...]
    i.USB_ReadDevOutEPInterrupt              0x08006594   Section        0  stm32f4xx_ll_usb.o(i.USB_ReadDevOutEPInterrupt)
    i.USB_ReadInterrupts                     0x080065ae   Section        0  stm32f4xx_ll_usb.o(i.USB_ReadInterrupts)
    i.USB_ReadPacket                         0x080065b8   Section        0  stm32f4xx_ll_usb.o(i.USB_ReadPacket)
    i.USB_SetCurrentMode                     0x08006618   Section        0  stm32f4xx_ll_usb.o(i.USB_SetCurrentMode)
    i.USB_SetDevAddress                      0x08006680   Section        0  stm32f4xx_ll_usb.o(i.USB_SetDevAddress)
    i.USB_SetDevSpeed                        0x080066aa   Section        0  stm32f4xx_ll_usb.o(i.USB_SetDevSpeed)
    i.USB_SetTurnaroundTime                  0x080066bc   Section        0  stm32f4xx_ll_usb.o(i.USB_SetTurnaroundTime)
    i.USB_WritePacket                        0x080067a4   Section        0  stm32f4xx_ll_usb.o(i.USB_WritePacket)
    i.UsageFault_Handler                     0x080067e8   Section        0  stm32f4xx_it.o(i.UsageFault_Handler)
    i.__NVIC_GetPriorityGrouping             0x080067ec   Section        0  stm32f4xx_hal_cortex.o(i.__NVIC_GetPriorityGrouping)
    __NVIC_GetPriorityGrouping               0x080067ed   Thumb Code    10  stm32f4xx_hal_cortex.o(i.__NVIC_GetPriorityGrouping)
    i.__NVIC_SetPriority                     0x080067fc   Section        0  stm32f4xx_hal_cortex.o(i.__NVIC_SetPriority)
    __NVIC_SetPriority                       0x080067fd   Thumb Code    32  stm32f4xx_hal_cortex.o(i.__NVIC_SetPriority)
    i.main                                   0x08006824   Section        0  main.o(i.main)
    i.uint_to_float                          0x080068b8   Section        0  dm_imu.o(i.uint_to_float)
    x$fpl$fpinit                             0x080068ec   Section       10  fpinit.o(x$fpl$fpinit)
    $v0                                      0x080068ec   Number         0  fpinit.o(x$fpl$fpinit)
    .constdata                               0x080068f6   Section       24  system_stm32f4xx.o(.constdata)
    .data                                    0x20000000   Section       12  main.o(.data)
    tick_ms                                  0x20000004   Data           4  main.o(.data)
    ticks                                    0x20000008   Data           4  main.o(.data)
    .data                                    0x2000000c   Section        4  can.o(.data)
    HAL_RCC_CAN1_CLK_ENABLED                 0x2000000c   Data           4  can.o(.data)
    .data                                    0x20000010   Section       94  usbd_desc.o(.data)
    .data                                    0x20000070   Section       20  usbd_cdc_if.o(.data)
    .data                                    0x20000084   Section        9  stm32f4xx_hal.o(.data)
    .data                                    0x20000090   Section        4  system_stm32f4xx.o(.data)
    .data                                    0x20000094   Section        1  usbd_ctlreq.o(.data)
    cfgidx                                   0x20000094   Data           1  usbd_ctlreq.o(.data)
    .data                                    0x20000098   Section      138  usbd_cdc.o(.data)
    USBD_CDC_DeviceQualifierDesc             0x20000098   Data          10  usbd_cdc.o(.data)
    USBD_CDC_CfgDesc                         0x200000dc   Data          67  usbd_cdc.o(.data)
    CDCInEpAdd                               0x2000011f   Data           1  usbd_cdc.o(.data)
    CDCOutEpAdd                              0x20000120   Data           1  usbd_cdc.o(.data)
    CDCCmdEpAdd                              0x20000121   Data           1  usbd_cdc.o(.data)
    .bss                                     0x20000124   Section      200  can.o(.bss)
    .bss                                     0x200001ec   Section      180  tim.o(.bss)
    .bss                                     0x200002a0   Section      732  usb_device.o(.bss)
    .bss                                     0x2000057c   Section      512  usbd_desc.o(.bss)
    .bss                                     0x2000077c   Section     4096  usbd_cdc_if.o(.bss)
    .bss                                     0x2000177c   Section     1796  usbd_conf.o(.bss)
    mem                                      0x20001c60   Data         544  usbd_conf.o(.bss)
    .bss                                     0x20001e80   Section       56  dm_imu.o(.bss)
    .bss                                     0x20001eb8   Section       96  libspace.o(.bss)
    HEAP                                     0x20001f18   Section      512  startup_stm32f446xx.o(HEAP)
    Heap_Mem                                 0x20001f18   Data         512  startup_stm32f446xx.o(HEAP)
    STACK                                    0x20002118   Section     1024  startup_stm32f446xx.o(STACK)
    Stack_Mem                                0x20002118   Data        1024  startup_stm32f446xx.o(STACK)
    __initial_sp                             0x20002518   Data           0  startup_stm32f446xx.o(STACK)

    Global Symbols

    Symbol Name                              Value     Ov Type        Size  Object(Section)

    BuildAttributes$$THM_ISAv4$E$P$D$K$B$S$7EM$VFPi3$EXTD16$VFPS$VFMA$PE$A:L22UL41UL21$X:L11$S22US41US21$IEEE1$IW$USESV6$~STKCKD$USESV7$~SHL$OSPACE$ROPI$EBA8$UX$STANDARDLIB$REQ8$PRES8$EABIv2 0x00000000   Number         0  anon$$obj.o ABSOLUTE
    __ARM_use_no_argv                        0x00000000   Number         0  main.o ABSOLUTE
    __ARM_exceptions_init                     - Undefined Weak Reference
    __alloca_initialize                       - Undefined Weak Reference
    __arm_fini_                               - Undefined Weak Reference
    __arm_preinit_                            - Undefined Weak Reference
    __cpp_initialize__aeabi_                  - Undefined Weak Reference
    __cxa_finalize                            - Undefined Weak Reference
    __rt_locale                               - Undefined Weak Reference
    __sigvec_lookup                           - Undefined Weak Reference
    _atexit_init                              - Undefined Weak Reference
    _call_atexit_fns                          - Undefined Weak Reference
    _clock_init                               - Undefined Weak Reference
    _fp_trap_init                             - Undefined Weak Reference
    _fp_trap_shutdown                         - Undefined Weak Reference
    _get_lc_collate                           - Undefined Weak Reference
    _get_lc_ctype                             - Undefined Weak Reference
    _get_lc_monetary                          - Undefined Weak Reference
    _get_lc_numeric                           - Undefined Weak Reference
    _get_lc_time                              - Undefined Weak Reference
    _getenv_init                              - Undefined Weak Reference
    _handle_redirection                       - Undefined Weak Reference
    _init_alloc                               - Undefined Weak Reference
    _init_user_alloc                          - Undefined Weak Reference
    _initio                                   - Undefined Weak Reference
    _rand_init                                - Undefined Weak Reference
    _signal_finish                            - Undefined Weak Reference
    _signal_init                              - Undefined Weak Reference
    _terminate_alloc                          - Undefined Weak Reference
    _terminate_user_alloc                     - Undefined Weak Reference
    _terminateio                              - Undefined Weak Reference
    __Vectors_Size                           0x000001c4   Number         0  startup_stm32f446xx.o ABSOLUTE
    __Vectors                                0x08000000   Data           4  startup_stm32f446xx.o(RESET)
    __Vectors_End                            0x080001c4   Data           0  startup_stm32f446xx.o(RESET)
    __main                                   0x080001c5   Thumb Code     8  __main.o(!!!main)
    __scatterload                            0x080001cd   Thumb Code     0  __scatter.o(!!!scatter)
    __scatterload_rt2                        0x080001cd   Thumb Code    44  __scatter.o(!!!scatter)
    __scatterload_rt2_thumb_only             0x080001cd   Thumb Code     0  __scatter.o(!!!scatter)
    __scatterload_null                       0x080001db   Thumb Code     0  __scatter.o(!!!scatter)
    __scatterload_copy                       0x08000201   Thumb Code    26  __scatter_copy.o(!!handler_copy)
    __scatterload_zeroinit                   0x0800021d   Thumb Code    28  __scatter_zi.o(!!handler_zi)
    __rt_lib_init                            0x08000239   Thumb Code     0  libinit.o(.ARM.Collect$$libinit$$00000000)
    __rt_lib_init_fp_1                       0x0800023b   Thumb Code     0  libinit2.o(.ARM.Collect$$libinit$$00000001)
    __rt_lib_init_alloca_1                   0x0800023f   Thumb Code     0  libinit2.o(.ARM.Collect$$libinit$$0000002E)
    __rt_lib_init_argv_1                     0x0800023f   Thumb Code     0  libinit2.o(.ARM.Collect$$libinit$$0000002C)
    __rt_lib_init_atexit_1                   0x0800023f   Thumb Code     0  libinit2.o(.ARM.Collect$$libinit$$0000001B)
    __rt_lib_init_clock_1                    0x0800023f   Thumb Code     0  libinit2.o(.ARM.Collect$$libinit$$00000021)
    __rt_lib_init_cpp_1                      0x0800023f   Thumb Code     0  libinit2.o(.ARM.Collect$$libinit$$00000032)
    __rt_lib_init_exceptions_1               0x0800023f   Thumb Code     0  libinit2.o(.ARM.Collect$$libinit$$00000030)
    __rt_lib_init_fp_trap_1                  0x0800023f   Thumb Code     0  libinit2.o(.ARM.Collect$$libinit$$0000001F)
    __rt_lib_init_getenv_1                   0x0800023f   Thumb Code     0  libinit2.o(.ARM.Collect$$libinit$$00000023)
    __rt_lib_init_heap_1                     0x0800023f   Thumb Code     0  libinit2.o(.ARM.Collect$$libinit$$0000000A)
    __rt_lib_init_lc_collate_1               0x0800023f   Thumb Code     0  libinit2.o(.ARM.Collect$$libinit$$00000011)
    __rt_lib_init_lc_ctype_1                 0x0800023f   Thumb Code     0  libinit2.o(.ARM.Collect$$libinit$$00000013)
    __rt_lib_init_lc_monetary_1              0x0800023f   Thumb Code     0  libinit2.o(.ARM.Collect$$libinit$$00000015)
    __rt_lib_init_lc_numeric_1               0x0800023f   Thumb Code     0  libinit2.o(.ARM.Collect$$libinit$$00000017)
    __rt_lib_init_lc_time_1                  0x0800023f   Thumb Code     0  libinit2.o(.ARM.Collect$$libinit$$00000019)
    __rt_lib_init_preinit_1                  0x0800023f   Thumb Code     0  libinit2.o(.ARM.Collect$$libinit$$00000004)
    __rt_lib_init_rand_1                     0x0800023f   Thumb Code     0  libinit2.o(.ARM.Collect$$libinit$$0000000E)
    __rt_lib_init_return                     0x0800023f   Thumb Code     0  libinit2.o(.ARM.Collect$$libinit$$00000033)
    __rt_lib_init_signal_1                   0x0800023f   Thumb Code     0  libinit2.o(.ARM.Collect$$libinit$$0000001D)
    __rt_lib_init_stdio_1                    0x0800023f   Thumb Code     0  libinit2.o(.ARM.Collect$$libinit$$00000025)
    __rt_lib_init_user_alloc_1               0x0800023f   Thumb Code     0  libinit2.o(.ARM.Collect$$libinit$$0000000C)
    __rt_lib_shutdown                        0x08000241   Thumb Code     0  libshutdown.o(.ARM.Collect$$libshutdown$$00000000)
    __rt_lib_shutdown_cpp_1                  0x08000243   Thumb Code     0  libshutdown2.o(.ARM.Collect$$libshutdown$$00000004)
    __rt_lib_shutdown_fini_1                 0x08000243   Thumb Code     0  libshutdown2.o(.ARM.Collect$$libshutdown$$00000002)
    __rt_lib_shutdown_fp_trap_1              0x08000243   Thumb Code     0  libshutdown2.o(.ARM.Collect$$libshutdown$$00000009)
    __rt_lib_shutdown_heap_1                 0x08000243   Thumb Code     0  libshutdown2.o(.ARM.Collect$$libshutdown$$00000011)
    __rt_lib_shutdown_return                 0x08000243   Thumb Code     0  libshutdown2.o(.ARM.Collect$$libshutdown$$00000012)
    __rt_lib_shutdown_signal_1               0x08000243   Thumb Code     0  libshutdown2.o(.ARM.Collect$$libshutdown$$0000000C)
    __rt_lib_shutdown_stdio_1                0x08000243   Thumb Code     0  libshutdown2.o(.ARM.Collect$$libshutdown$$00000006)
    __rt_lib_shutdown_user_alloc_1           0x08000243   Thumb Code     0  libshutdown2.o(.ARM.Collect$$libshutdown$$0000000E)
    __rt_entry                               0x08000245   Thumb Code     0  __rtentry.o(.ARM.Collect$$rtentry$$00000000)
    __rt_entry_presh_1                       0x08000245   Thumb Code     0  __rtentry2.o(.ARM.Collect$$rtentry$$00000002)
    __rt_entry_sh                            0x08000245   Thumb Code     0  __rtentry4.o(.ARM.Collect$$rtentry$$00000004)
    __rt_entry_li                            0x0800024b   Thumb Code     0  __rtentry2.o(.ARM.Collect$$rtentry$$0000000A)
    __rt_entry_postsh_1                      0x0800024b   Thumb Code     0  __rtentry2.o(.ARM.Collect$$rtentry$$00000009)
    __rt_entry_main                          0x0800024f   Thumb Code     0  __rtentry2.o(.ARM.Collect$$rtentry$$0000000D)
    __rt_entry_postli_1                      0x0800024f   Thumb Code     0  __rtentry2.o(.ARM.Collect$$rtentry$$0000000C)
    __rt_exit                                0x08000257   Thumb Code     0  rtexit.o(.ARM.Collect$$rtexit$$00000000)
    __rt_exit_ls                             0x08000259   Thumb Code     0  rtexit2.o(.ARM.Collect$$rtexit$$00000003)
    __rt_exit_prels_1                        0x08000259   Thumb Code     0  rtexit2.o(.ARM.Collect$$rtexit$$00000002)
    __rt_exit_exit                           0x0800025d   Thumb Code     0  rtexit2.o(.ARM.Collect$$rtexit$$00000004)
    Reset_Handler                            0x08000265   Thumb Code     8  startup_stm32f446xx.o(.text)
    ADC_IRQHandler                           0x0800027f   Thumb Code     0  startup_stm32f446xx.o(.text)
    CAN1_SCE_IRQHandler                      0x0800027f   Thumb Code     0  startup_stm32f446xx.o(.text)
    CAN1_TX_IRQHandler                       0x0800027f   Thumb Code     0  startup_stm32f446xx.o(.text)
    CAN2_SCE_IRQHandler                      0x0800027f   Thumb Code     0  startup_stm32f446xx.o(.text)
    CAN2_TX_IRQHandler                       0x0800027f   Thumb Code     0  startup_stm32f446xx.o(.text)
    CEC_IRQHandler                           0x0800027f   Thumb Code     0  startup_stm32f446xx.o(.text)
    DCMI_IRQHandler                          0x0800027f   Thumb Code     0  startup_stm32f446xx.o(.text)
    DMA1_Stream0_IRQHandler                  0x0800027f   Thumb Code     0  startup_stm32f446xx.o(.text)
    DMA1_Stream1_IRQHandler                  0x0800027f   Thumb Code     0  startup_stm32f446xx.o(.text)
    DMA1_Stream2_IRQHandler                  0x0800027f   Thumb Code     0  startup_stm32f446xx.o(.text)
    DMA1_Stream3_IRQHandler                  0x0800027f   Thumb Code     0  startup_stm32f446xx.o(.text)
    DMA1_Stream4_IRQHandler                  0x0800027f   Thumb Code     0  startup_stm32f446xx.o(.text)
    DMA1_Stream5_IRQHandler                  0x0800027f   Thumb Code     0  startup_stm32f446xx.o(.text)
    DMA1_Stream6_IRQHandler                  0x0800027f   Thumb Code     0  startup_stm32f446xx.o(.text)
    DMA1_Stream7_IRQHandler                  0x0800027f   Thumb Code     0  startup_stm32f446xx.o(.text)
    DMA2_Stream0_IRQHandler                  0x0800027f   Thumb Code     0  startup_stm32f446xx.o(.text)
    DMA2_Stream1_IRQHandler                  0x0800027f   Thumb Code     0  startup_stm32f446xx.o(.text)
    DMA2_Stream2_IRQHandler                  0x0800027f   Thumb Code     0  startup_stm32f446xx.o(.text)
    DMA2_Stream3_IRQHandler                  0x0800027f   Thumb Code     0  startup_stm32f446xx.o(.text)
    DMA2_Stream4_IRQHandler                  0x0800027f   Thumb Code     0  startup_stm32f446xx.o(.text)
    DMA2_Stream5_IRQHandler                  0x0800027f   Thumb Code     0  startup_stm32f446xx.o(.text)
    DMA2_Stream6_IRQHandler                  0x0800027f   Thumb Code     0  startup_stm32f446xx.o(.text)
    DMA2_Stream7_IRQHandler                  0x0800027f   Thumb Code     0  startup_stm32f446xx.o(.text)
    EXTI0_IRQHandler                         0x0800027f   Thumb Code     0  startup_stm32f446xx.o(.text)
    EXTI15_10_IRQHandler                     0x0800027f   Thumb Code     0  startup_stm32f446xx.o(.text)
    EXTI1_IRQHandler                         0x0800027f   Thumb Code     0  startup_stm32f446xx.o(.text)
    EXTI2_IRQHandler                         0x0800027f   Thumb Code     0  startup_stm32f446xx.o(.text)
    EXTI3_IRQHandler                         0x0800027f   Thumb Code     0  startup_stm32f446xx.o(.text)
    EXTI4_IRQHandler                         0x0800027f   Thumb Code     0  startup_stm32f446xx.o(.text)
    EXTI9_5_IRQHandler                       0x0800027f   Thumb Code     0  startup_stm32f446xx.o(.text)
    FLASH_IRQHandler                         0x0800027f   Thumb Code     0  startup_stm32f446xx.o(.text)
    FMC_IRQHandler                           0x0800027f   Thumb Code     0  startup_stm32f446xx.o(.text)
    FMPI2C1_ER_IRQHandler                    0x0800027f   Thumb Code     0  startup_stm32f446xx.o(.text)
    FMPI2C1_EV_IRQHandler                    0x0800027f   Thumb Code     0  startup_stm32f446xx.o(.text)
    FPU_IRQHandler                           0x0800027f   Thumb Code     0  startup_stm32f446xx.o(.text)
    I2C1_ER_IRQHandler                       0x0800027f   Thumb Code     0  startup_stm32f446xx.o(.text)
    I2C1_EV_IRQHandler                       0x0800027f   Thumb Code     0  startup_stm32f446xx.o(.text)
    I2C2_ER_IRQHandler                       0x0800027f   Thumb Code     0  startup_stm32f446xx.o(.text)
    I2C2_EV_IRQHandler                       0x0800027f   Thumb Code     0  startup_stm32f446xx.o(.text)
    I2C3_ER_IRQHandler                       0x0800027f   Thumb Code     0  startup_stm32f446xx.o(.text)
    I2C3_EV_IRQHandler                       0x0800027f   Thumb Code     0  startup_stm32f446xx.o(.text)
    OTG_FS_WKUP_IRQHandler                   0x0800027f   Thumb Code     0  startup_stm32f446xx.o(.text)
    OTG_HS_EP1_IN_IRQHandler                 0x0800027f   Thumb Code     0  startup_stm32f446xx.o(.text)
    OTG_HS_EP1_OUT_IRQHandler                0x0800027f   Thumb Code     0  startup_stm32f446xx.o(.text)
    OTG_HS_IRQHandler                        0x0800027f   Thumb Code     0  startup_stm32f446xx.o(.text)
    OTG_HS_WKUP_IRQHandler                   0x0800027f   Thumb Code     0  startup_stm32f446xx.o(.text)
    PVD_IRQHandler                           0x0800027f   Thumb Code     0  startup_stm32f446xx.o(.text)
    QUADSPI_IRQHandler                       0x0800027f   Thumb Code     0  startup_stm32f446xx.o(.text)
    RCC_IRQHandler                           0x0800027f   Thumb Code     0  startup_stm32f446xx.o(.text)
    RTC_Alarm_IRQHandler                     0x0800027f   Thumb Code     0  startup_stm32f446xx.o(.text)
    RTC_WKUP_IRQHandler                      0x0800027f   Thumb Code     0  startup_stm32f446xx.o(.text)
    SAI1_IRQHandler                          0x0800027f   Thumb Code     0  startup_stm32f446xx.o(.text)
    SAI2_IRQHandler                          0x0800027f   Thumb Code     0  startup_stm32f446xx.o(.text)
    SDIO_IRQHandler                          0x0800027f   Thumb Code     0  startup_stm32f446xx.o(.text)
    SPDIF_RX_IRQHandler                      0x0800027f   Thumb Code     0  startup_stm32f446xx.o(.text)
    SPI1_IRQHandler                          0x0800027f   Thumb Code     0  startup_stm32f446xx.o(.text)
    SPI2_IRQHandler                          0x0800027f   Thumb Code     0  startup_stm32f446xx.o(.text)
    SPI3_IRQHandler                          0x0800027f   Thumb Code     0  startup_stm32f446xx.o(.text)
    SPI4_IRQHandler                          0x0800027f   Thumb Code     0  startup_stm32f446xx.o(.text)
    TAMP_STAMP_IRQHandler                    0x0800027f   Thumb Code     0  startup_stm32f446xx.o(.text)
    TIM1_BRK_TIM9_IRQHandler                 0x0800027f   Thumb Code     0  startup_stm32f446xx.o(.text)
    TIM1_CC_IRQHandler                       0x0800027f   Thumb Code     0  startup_stm32f446xx.o(.text)
    TIM1_TRG_COM_TIM11_IRQHandler            0x0800027f   Thumb Code     0  startup_stm32f446xx.o(.text)
    TIM2_IRQHandler                          0x0800027f   Thumb Code     0  startup_stm32f446xx.o(.text)
    TIM3_IRQHandler                          0x0800027f   Thumb Code     0  startup_stm32f446xx.o(.text)
    TIM4_IRQHandler                          0x0800027f   Thumb Code     0  startup_stm32f446xx.o(.text)
    TIM5_IRQHandler                          0x0800027f   Thumb Code     0  startup_stm32f446xx.o(.text)
    TIM6_DAC_IRQHandler                      0x0800027f   Thumb Code     0  startup_stm32f446xx.o(.text)
    TIM7_IRQHandler                          0x0800027f   Thumb Code     0  startup_stm32f446xx.o(.text)
    TIM8_BRK_TIM12_IRQHandler                0x0800027f   Thumb Code     0  startup_stm32f446xx.o(.text)
    TIM8_CC_IRQHandler                       0x0800027f   Thumb Code     0  startup_stm32f446xx.o(.text)
    TIM8_TRG_COM_TIM14_IRQHandler            0x0800027f   Thumb Code     0  startup_stm32f446xx.o(.text)
    TIM8_UP_TIM13_IRQHandler                 0x0800027f   Thumb Code     0  startup_stm32f446xx.o(.text)
    UART4_IRQHandler                         0x0800027f   Thumb Code     0  startup_stm32f446xx.o(.text)
    UART5_IRQHandler                         0x0800027f   Thumb Code     0  startup_stm32f446xx.o(.text)
    USART1_IRQHandler                        0x0800027f   Thumb Code     0  startup_stm32f446xx.o(.text)
    USART2_IRQHandler                        0x0800027f   Thumb Code     0  startup_stm32f446xx.o(.text)
    USART3_IRQHandler                        0x0800027f   Thumb Code     0  startup_stm32f446xx.o(.text)
    USART6_IRQHandler                        0x0800027f   Thumb Code     0  startup_stm32f446xx.o(.text)
    WWDG_IRQHandler                          0x0800027f   Thumb Code     0  startup_stm32f446xx.o(.text)
    __user_initial_stackheap                 0x08000281   Thumb Code     0  startup_stm32f446xx.o(.text)
    __aeabi_uldivmod                         0x080002a5   Thumb Code     0  lludivv7m.o(.text)
    _ll_udiv                                 0x080002a5   Thumb Code   238  lludivv7m.o(.text)
    __aeabi_memclr4                          0x08000393   Thumb Code     0  rt_memclr_w.o(.text)
    __aeabi_memclr8                          0x08000393   Thumb Code     0  rt_memclr_w.o(.text)
    __rt_memclr_w                            0x08000393   Thumb Code    78  rt_memclr_w.o(.text)
    _memset_w                                0x08000397   Thumb Code     0  rt_memclr_w.o(.text)
    __use_two_region_memory                  0x080003e1   Thumb Code     2  heapauxi.o(.text)
    __rt_heap_escrow$2region                 0x080003e3   Thumb Code     2  heapauxi.o(.text)
    __rt_heap_expand$2region                 0x080003e5   Thumb Code     2  heapauxi.o(.text)
    __user_setup_stackheap                   0x080003e7   Thumb Code    74  sys_stackheap_outer.o(.text)
    exit                                     0x08000431   Thumb Code    18  exit.o(.text)
    __user_libspace                          0x08000445   Thumb Code     8  libspace.o(.text)
    __user_perproc_libspace                  0x08000445   Thumb Code     0  libspace.o(.text)
    __user_perthread_libspace                0x08000445   Thumb Code     0  libspace.o(.text)
    _sys_exit                                0x0800044d   Thumb Code     8  sys_exit.o(.text)
    __I$use$semihosting                      0x08000459   Thumb Code     0  use_no_semi.o(.text)
    __use_no_semihosting_swi                 0x08000459   Thumb Code     2  use_no_semi.o(.text)
    BusFault_Handler                         0x0800045b   Thumb Code     4  stm32f4xx_it.o(i.BusFault_Handler)
    __semihosting_library_function           0x0800045b   Thumb Code     0  indicate_semi.o(.text)
    CAN1_RX0_IRQHandler                      0x08000461   Thumb Code    10  stm32f4xx_it.o(i.CAN1_RX0_IRQHandler)
    CAN1_RX1_IRQHandler                      0x08000471   Thumb Code    10  stm32f4xx_it.o(i.CAN1_RX1_IRQHandler)
    CAN2_RX0_IRQHandler                      0x08000481   Thumb Code    10  stm32f4xx_it.o(i.CAN2_RX0_IRQHandler)
    CAN2_RX1_IRQHandler                      0x08000491   Thumb Code    10  stm32f4xx_it.o(i.CAN2_RX1_IRQHandler)
    CAN_FilterInit                           0x080004a1   Thumb Code    78  can.o(i.CAN_FilterInit)
    DebugMon_Handler                         0x0800058d   Thumb Code     2  stm32f4xx_it.o(i.DebugMon_Handler)
    Error_Handler                            0x0800058f   Thumb Code     6  main.o(i.Error_Handler)
    HAL_CAN_ActivateNotification             0x080005c9   Thumb Code    42  stm32f4xx_hal_can.o(i.HAL_CAN_ActivateNotification)
    HAL_CAN_AddTxMessage                     0x080005f3   Thumb Code   330  stm32f4xx_hal_can.o(i.HAL_CAN_AddTxMessage)
    HAL_CAN_ConfigFilter                     0x0800073d   Thumb Code   286  stm32f4xx_hal_can.o(i.HAL_CAN_ConfigFilter)
    HAL_CAN_ErrorCallback                    0x08000861   Thumb Code     2  stm32f4xx_hal_can.o(i.HAL_CAN_ErrorCallback)
    HAL_CAN_GetRxMessage                     0x08000863   Thumb Code   404  stm32f4xx_hal_can.o(i.HAL_CAN_GetRxMessage)
    HAL_CAN_GetTxMailboxesFreeLevel          0x080009f7   Thumb Code    54  stm32f4xx_hal_can.o(i.HAL_CAN_GetTxMailboxesFreeLevel)
    HAL_CAN_IRQHandler                       0x08000a2d   Thumb Code   590  stm32f4xx_hal_can.o(i.HAL_CAN_IRQHandler)
    HAL_CAN_Init                             0x08000c7d   Thumb Code   434  stm32f4xx_hal_can.o(i.HAL_CAN_Init)
    HAL_CAN_MspInit                          0x08000e69   Thumb Code   364  can.o(i.HAL_CAN_MspInit)
    HAL_CAN_RxFifo0FullCallback              0x08000fe9   Thumb Code     2  stm32f4xx_hal_can.o(i.HAL_CAN_RxFifo0FullCallback)
    HAL_CAN_RxFifo0MsgPendingCallback        0x08000fed   Thumb Code    74  can.o(i.HAL_CAN_RxFifo0MsgPendingCallback)
    HAL_CAN_RxFifo1FullCallback              0x08001041   Thumb Code     2  stm32f4xx_hal_can.o(i.HAL_CAN_RxFifo1FullCallback)
    HAL_CAN_RxFifo1MsgPendingCallback        0x08001043   Thumb Code     2  stm32f4xx_hal_can.o(i.HAL_CAN_RxFifo1MsgPendingCallback)
    HAL_CAN_SleepCallback                    0x08001045   Thumb Code     2  stm32f4xx_hal_can.o(i.HAL_CAN_SleepCallback)
    HAL_CAN_Start                            0x08001047   Thumb Code    94  stm32f4xx_hal_can.o(i.HAL_CAN_Start)
    HAL_CAN_TxMailbox0AbortCallback          0x080010a5   Thumb Code     2  stm32f4xx_hal_can.o(i.HAL_CAN_TxMailbox0AbortCallback)
    HAL_CAN_TxMailbox0CompleteCallback       0x080010a7   Thumb Code     2  stm32f4xx_hal_can.o(i.HAL_CAN_TxMailbox0CompleteCallback)
    HAL_CAN_TxMailbox1AbortCallback          0x080010a9   Thumb Code     2  stm32f4xx_hal_can.o(i.HAL_CAN_TxMailbox1AbortCallback)
    HAL_CAN_TxMailbox1CompleteCallback       0x080010ab   Thumb Code     2  stm32f4xx_hal_can.o(i.HAL_CAN_TxMailbox1CompleteCallback)
    HAL_CAN_TxMailbox2AbortCallback          0x080010ad   Thumb Code     2  stm32f4xx_hal_can.o(i.HAL_CAN_TxMailbox2AbortCallback)
    HAL_CAN_TxMailbox2CompleteCallback       0x080010af   Thumb Code     2  stm32f4xx_hal_can.o(i.HAL_CAN_TxMailbox2CompleteCallback)
    HAL_CAN_WakeUpFromRxMsgCallback          0x080010b1   Thumb Code     2  stm32f4xx_hal_can.o(i.HAL_CAN_WakeUpFromRxMsgCallback)
    HAL_Delay                                0x080010b5   Thumb Code    36  stm32f4xx_hal.o(i.HAL_Delay)
    HAL_GPIO_Init                            0x080010dd   Thumb Code   444  stm32f4xx_hal_gpio.o(i.HAL_GPIO_Init)
    HAL_GPIO_WritePin                        0x080012c1   Thumb Code    12  stm32f4xx_hal_gpio.o(i.HAL_GPIO_WritePin)
    HAL_GetTick                              0x080012cd   Thumb Code     6  stm32f4xx_hal.o(i.HAL_GetTick)
    HAL_IncTick                              0x080012d9   Thumb Code    16  stm32f4xx_hal.o(i.HAL_IncTick)
    HAL_Init                                 0x080012f1   Thumb Code    54  stm32f4xx_hal.o(i.HAL_Init)
    HAL_InitTick                             0x0800132d   Thumb Code    64  stm32f4xx_hal.o(i.HAL_InitTick)
    HAL_MspInit                              0x08001379   Thumb Code    68  stm32f4xx_hal_msp.o(i.HAL_MspInit)
    HAL_NVIC_EnableIRQ                       0x080013c1   Thumb Code    40  stm32f4xx_hal_cortex.o(i.HAL_NVIC_EnableIRQ)
    HAL_NVIC_SetPriority                     0x080013e9   Thumb Code   124  stm32f4xx_hal_cortex.o(i.HAL_NVIC_SetPriority)
    HAL_NVIC_SetPriorityGrouping             0x08001465   Thumb Code    32  stm32f4xx_hal_cortex.o(i.HAL_NVIC_SetPriorityGrouping)
    HAL_PCDEx_ActivateLPM                    0x0800148d   Thumb Code    36  stm32f4xx_hal_pcd_ex.o(i.HAL_PCDEx_ActivateLPM)
    HAL_PCDEx_LPM_Callback                   0x080014b5   Thumb Code   106  usbd_conf.o(i.HAL_PCDEx_LPM_Callback)
    HAL_PCDEx_SetRxFiFo                      0x08001525   Thumb Code    10  stm32f4xx_hal_pcd_ex.o(i.HAL_PCDEx_SetRxFiFo)
    HAL_PCDEx_SetTxFiFo                      0x0800152f   Thumb Code    78  stm32f4xx_hal_pcd_ex.o(i.HAL_PCDEx_SetTxFiFo)
    HAL_PCD_ConnectCallback                  0x0800157d   Thumb Code    14  usbd_conf.o(i.HAL_PCD_ConnectCallback)
    HAL_PCD_DataInStageCallback              0x0800158b   Thumb Code    32  usbd_conf.o(i.HAL_PCD_DataInStageCallback)
    HAL_PCD_DataOutStageCallback             0x080015ab   Thumb Code    32  usbd_conf.o(i.HAL_PCD_DataOutStageCallback)
    HAL_PCD_DisconnectCallback               0x080015cb   Thumb Code    14  usbd_conf.o(i.HAL_PCD_DisconnectCallback)
    HAL_PCD_EP_Abort                         0x080015d9   Thumb Code    66  stm32f4xx_hal_pcd.o(i.HAL_PCD_EP_Abort)
    HAL_PCD_EP_Close                         0x0800161b   Thumb Code   106  stm32f4xx_hal_pcd.o(i.HAL_PCD_EP_Close)
    HAL_PCD_EP_ClrStall                      0x08001685   Thumb Code   124  stm32f4xx_hal_pcd.o(i.HAL_PCD_EP_ClrStall)
    HAL_PCD_EP_GetRxCount                    0x08001701   Thumb Code    22  stm32f4xx_hal_pcd.o(i.HAL_PCD_EP_GetRxCount)
    HAL_PCD_EP_Open                          0x08001717   Thumb Code   142  stm32f4xx_hal_pcd.o(i.HAL_PCD_EP_Open)
    HAL_PCD_EP_Receive                       0x080017a5   Thumb Code    70  stm32f4xx_hal_pcd.o(i.HAL_PCD_EP_Receive)
    HAL_PCD_EP_SetStall                      0x080017eb   Thumb Code   138  stm32f4xx_hal_pcd.o(i.HAL_PCD_EP_SetStall)
    HAL_PCD_EP_Transmit                      0x08001875   Thumb Code    72  stm32f4xx_hal_pcd.o(i.HAL_PCD_EP_Transmit)
    HAL_PCD_IRQHandler                       0x080018bd   Thumb Code  1806  stm32f4xx_hal_pcd.o(i.HAL_PCD_IRQHandler)
    HAL_PCD_ISOINIncompleteCallback          0x08001fcb   Thumb Code    18  usbd_conf.o(i.HAL_PCD_ISOINIncompleteCallback)
    HAL_PCD_ISOOUTIncompleteCallback         0x08001fdd   Thumb Code    18  usbd_conf.o(i.HAL_PCD_ISOOUTIncompleteCallback)
    HAL_PCD_Init                             0x08001fef   Thumb Code   362  stm32f4xx_hal_pcd.o(i.HAL_PCD_Init)
    HAL_PCD_MspInit                          0x08002159   Thumb Code   190  usbd_conf.o(i.HAL_PCD_MspInit)
    HAL_PCD_ResetCallback                    0x08002221   Thumb Code    48  usbd_conf.o(i.HAL_PCD_ResetCallback)
    HAL_PCD_ResumeCallback                   0x08002251   Thumb Code    14  usbd_conf.o(i.HAL_PCD_ResumeCallback)
    HAL_PCD_SOFCallback                      0x0800225f   Thumb Code    14  usbd_conf.o(i.HAL_PCD_SOFCallback)
    HAL_PCD_SetAddress                       0x0800226d   Thumb Code    52  stm32f4xx_hal_pcd.o(i.HAL_PCD_SetAddress)
    HAL_PCD_SetupStageCallback               0x080022a1   Thumb Code    18  usbd_conf.o(i.HAL_PCD_SetupStageCallback)
    HAL_PCD_Start                            0x080022b3   Thumb Code    76  stm32f4xx_hal_pcd.o(i.HAL_PCD_Start)
    HAL_PCD_SuspendCallback                  0x08002301   Thumb Code    46  usbd_conf.o(i.HAL_PCD_SuspendCallback)
    HAL_RCCEx_PeriphCLKConfig                0x08002335   Thumb Code  1360  stm32f4xx_hal_rcc_ex.o(i.HAL_RCCEx_PeriphCLKConfig)
    HAL_RCC_ClockConfig                      0x0800288d   Thumb Code   368  stm32f4xx_hal_rcc.o(i.HAL_RCC_ClockConfig)
    HAL_RCC_GetHCLKFreq                      0x08002a11   Thumb Code     6  stm32f4xx_hal_rcc.o(i.HAL_RCC_GetHCLKFreq)
    HAL_RCC_GetSysClockFreq                  0x08002a1d   Thumb Code   266  stm32f4xx_hal_rcc_ex.o(i.HAL_RCC_GetSysClockFreq)
    HAL_RCC_OscConfig                        0x08002b35   Thumb Code  1246  stm32f4xx_hal_rcc_ex.o(i.HAL_RCC_OscConfig)
    HAL_SYSTICK_Config                       0x0800301d   Thumb Code    52  stm32f4xx_hal_cortex.o(i.HAL_SYSTICK_Config)
    HAL_TIMEx_BreakCallback                  0x08003051   Thumb Code     2  stm32f4xx_hal_tim_ex.o(i.HAL_TIMEx_BreakCallback)
    HAL_TIMEx_CommutCallback                 0x08003053   Thumb Code     2  stm32f4xx_hal_tim_ex.o(i.HAL_TIMEx_CommutCallback)
    HAL_TIMEx_CommutHalfCpltCallback         0x08003055   Thumb Code     2  stm32f4xx_hal_tim_ex.o(i.HAL_TIMEx_CommutHalfCpltCallback)
    HAL_TIMEx_MasterConfigSynchronization    0x08003059   Thumb Code   150  stm32f4xx_hal_tim_ex.o(i.HAL_TIMEx_MasterConfigSynchronization)
    HAL_TIM_Base_Init                        0x0800310d   Thumb Code   116  stm32f4xx_hal_tim.o(i.HAL_TIM_Base_Init)
    HAL_TIM_Base_MspInit                     0x08003185   Thumb Code    62  tim.o(i.HAL_TIM_Base_MspInit)
    HAL_TIM_Base_Start_IT                    0x080031cd   Thumb Code   138  stm32f4xx_hal_tim.o(i.HAL_TIM_Base_Start_IT)
    HAL_TIM_ConfigClockSource                0x08003275   Thumb Code   268  stm32f4xx_hal_tim.o(i.HAL_TIM_ConfigClockSource)
    HAL_TIM_ErrorCallback                    0x08003381   Thumb Code     2  stm32f4xx_hal_tim.o(i.HAL_TIM_ErrorCallback)
    HAL_TIM_IC_CaptureCallback               0x08003383   Thumb Code     2  stm32f4xx_hal_tim.o(i.HAL_TIM_IC_CaptureCallback)
    HAL_TIM_IC_CaptureHalfCpltCallback       0x08003385   Thumb Code     2  stm32f4xx_hal_tim.o(i.HAL_TIM_IC_CaptureHalfCpltCallback)
    HAL_TIM_IRQHandler                       0x08003387   Thumb Code   396  stm32f4xx_hal_tim.o(i.HAL_TIM_IRQHandler)
    HAL_TIM_OC_DelayElapsedCallback          0x08003513   Thumb Code     2  stm32f4xx_hal_tim.o(i.HAL_TIM_OC_DelayElapsedCallback)
    HAL_TIM_PWM_PulseFinishedCallback        0x08003515   Thumb Code     2  stm32f4xx_hal_tim.o(i.HAL_TIM_PWM_PulseFinishedCallback)
    HAL_TIM_PWM_PulseFinishedHalfCpltCallback 0x08003517   Thumb Code     2  stm32f4xx_hal_tim.o(i.HAL_TIM_PWM_PulseFinishedHalfCpltCallback)
    HAL_TIM_PeriodElapsedCallback            0x08003519   Thumb Code    16  main.o(i.HAL_TIM_PeriodElapsedCallback)
    HAL_TIM_PeriodElapsedHalfCpltCallback    0x08003531   Thumb Code     2  stm32f4xx_hal_tim.o(i.HAL_TIM_PeriodElapsedHalfCpltCallback)
    HAL_TIM_TriggerCallback                  0x08003533   Thumb Code     2  stm32f4xx_hal_tim.o(i.HAL_TIM_TriggerCallback)
    HAL_TIM_TriggerHalfCpltCallback          0x08003535   Thumb Code     2  stm32f4xx_hal_tim.o(i.HAL_TIM_TriggerHalfCpltCallback)
    HardFault_Handler                        0x08003537   Thumb Code     4  stm32f4xx_it.o(i.HardFault_Handler)
    IMU_RequestData                          0x0800353d   Thumb Code    74  dm_imu.o(i.IMU_RequestData)
    IMU_UpdateAccel                          0x0800358d   Thumb Code   114  dm_imu.o(i.IMU_UpdateAccel)
    IMU_UpdateData                           0x0800360d   Thumb Code    60  dm_imu.o(i.IMU_UpdateData)
    IMU_UpdateEuler                          0x08003649   Thumb Code   102  dm_imu.o(i.IMU_UpdateEuler)
    IMU_UpdateGyro                           0x080036c5   Thumb Code   114  dm_imu.o(i.IMU_UpdateGyro)
    IMU_UpdateQuaternion                     0x08003745   Thumb Code   156  dm_imu.o(i.IMU_UpdateQuaternion)
    MX_CAN1_Init                             0x08003825   Thumb Code    68  can.o(i.MX_CAN1_Init)
    MX_CAN2_Init                             0x08003871   Thumb Code    66  can.o(i.MX_CAN2_Init)
    MX_GPIO_Init                             0x080038bd   Thumb Code   172  gpio.o(i.MX_GPIO_Init)
    MX_TIM1_Init                             0x08003971   Thumb Code   108  tim.o(i.MX_TIM1_Init)
    MX_USB_DEVICE_Init                       0x080039e5   Thumb Code    60  usb_device.o(i.MX_USB_DEVICE_Init)
    MemManage_Handler                        0x08003a31   Thumb Code     4  stm32f4xx_it.o(i.MemManage_Handler)
    NMI_Handler                              0x08003a35   Thumb Code     4  stm32f4xx_it.o(i.NMI_Handler)
    OTG_FS_IRQHandler                        0x08003a39   Thumb Code    10  stm32f4xx_it.o(i.OTG_FS_IRQHandler)
    PendSV_Handler                           0x08003ca7   Thumb Code     2  stm32f4xx_it.o(i.PendSV_Handler)
    SVC_Handler                              0x08003ca9   Thumb Code     2  stm32f4xx_it.o(i.SVC_Handler)
    SysTick_Handler                          0x08003cbd   Thumb Code     8  stm32f4xx_it.o(i.SysTick_Handler)
    SystemClock_Config                       0x08003cc5   Thumb Code   176  main.o(i.SystemClock_Config)
    SystemInit                               0x08003d7d   Thumb Code    14  system_stm32f4xx.o(i.SystemInit)
    TIM1_UP_TIM10_IRQHandler                 0x08003d91   Thumb Code    10  stm32f4xx_it.o(i.TIM1_UP_TIM10_IRQHandler)
    TIM_Base_SetConfig                       0x08003da1   Thumb Code   186  stm32f4xx_hal_tim.o(i.TIM_Base_SetConfig)
    TIM_ETR_SetConfig                        0x08003e89   Thumb Code    22  stm32f4xx_hal_tim.o(i.TIM_ETR_SetConfig)
    TIM_ResetCallback                        0x08003eb1   Thumb Code    58  stm32f4xx_hal_tim.o(i.TIM_ResetCallback)
    USBD_CDC_GetDeviceQualifierDescriptor    0x080041a1   Thumb Code    10  usbd_cdc.o(i.USBD_CDC_GetDeviceQualifierDescriptor)
    USBD_CDC_ReceivePacket                   0x08004421   Thumb Code    74  usbd_cdc.o(i.USBD_CDC_ReceivePacket)
    USBD_CDC_RegisterInterface               0x08004471   Thumb Code    24  usbd_cdc.o(i.USBD_CDC_RegisterInterface)
    USBD_CDC_SetRxBuffer                     0x08004489   Thumb Code    30  usbd_cdc.o(i.USBD_CDC_SetRxBuffer)
    USBD_CDC_SetTxBuffer                     0x080044a7   Thumb Code    36  usbd_cdc.o(i.USBD_CDC_SetTxBuffer)
    USBD_ClrClassConfig                      0x0800460b   Thumb Code    28  usbd_core.o(i.USBD_ClrClassConfig)
    USBD_CoreFindEP                          0x08004665   Thumb Code     6  usbd_core.o(i.USBD_CoreFindEP)
    USBD_CoreFindIF                          0x0800466b   Thumb Code     6  usbd_core.o(i.USBD_CoreFindIF)
    USBD_CtlContinueRx                       0x08004671   Thumb Code    24  usbd_ioreq.o(i.USBD_CtlContinueRx)
    USBD_CtlContinueSendData                 0x08004689   Thumb Code    24  usbd_ioreq.o(i.USBD_CtlContinueSendData)
    USBD_CtlError                            0x080046a1   Thumb Code    24  usbd_ctlreq.o(i.USBD_CtlError)
    USBD_CtlPrepareRx                        0x080046b9   Thumb Code    40  usbd_ioreq.o(i.USBD_CtlPrepareRx)
    USBD_CtlReceiveStatus                    0x080046e1   Thumb Code    26  usbd_ioreq.o(i.USBD_CtlReceiveStatus)
    USBD_CtlSendData                         0x080046fb   Thumb Code    34  usbd_ioreq.o(i.USBD_CtlSendData)
    USBD_CtlSendStatus                       0x0800471d   Thumb Code    26  usbd_ioreq.o(i.USBD_CtlSendStatus)
    USBD_FS_ConfigStrDescriptor              0x08004739   Thumb Code    34  usbd_desc.o(i.USBD_FS_ConfigStrDescriptor)
    USBD_FS_DeviceDescriptor                 0x0800476d   Thumb Code    10  usbd_desc.o(i.USBD_FS_DeviceDescriptor)
    USBD_FS_InterfaceStrDescriptor           0x0800477d   Thumb Code    34  usbd_desc.o(i.USBD_FS_InterfaceStrDescriptor)
    USBD_FS_LangIDStrDescriptor              0x080047b5   Thumb Code    10  usbd_desc.o(i.USBD_FS_LangIDStrDescriptor)
    USBD_FS_ManufacturerStrDescriptor        0x080047c5   Thumb Code    20  usbd_desc.o(i.USBD_FS_ManufacturerStrDescriptor)
    USBD_FS_ProductStrDescriptor             0x080047f1   Thumb Code    34  usbd_desc.o(i.USBD_FS_ProductStrDescriptor)
    USBD_FS_SerialStrDescriptor              0x08004831   Thumb Code    18  usbd_desc.o(i.USBD_FS_SerialStrDescriptor)
    USBD_FS_USR_BOSDescriptor                0x08004849   Thumb Code    10  usbd_desc.o(i.USBD_FS_USR_BOSDescriptor)
    USBD_GetEpDesc                           0x08004ae1   Thumb Code    80  usbd_core.o(i.USBD_GetEpDesc)
    USBD_GetNextDesc                         0x08004b47   Thumb Code    20  usbd_core.o(i.USBD_GetNextDesc)
    USBD_GetString                           0x08004bb5   Thumb Code   104  usbd_ctlreq.o(i.USBD_GetString)
    USBD_Get_USB_Status                      0x08004c1d   Thumb Code    44  usbd_conf.o(i.USBD_Get_USB_Status)
    USBD_Init                                0x08004c49   Thumb Code    58  usbd_core.o(i.USBD_Init)
    USBD_LL_ClearStallEP                     0x08004c83   Thumb Code    38  usbd_conf.o(i.USBD_LL_ClearStallEP)
    USBD_LL_CloseEP                          0x08004ca9   Thumb Code    38  usbd_conf.o(i.USBD_LL_CloseEP)
    USBD_LL_DataInStage                      0x08004ccf   Thumb Code   264  usbd_core.o(i.USBD_LL_DataInStage)
    USBD_LL_DataOutStage                     0x08004dd7   Thumb Code   258  usbd_core.o(i.USBD_LL_DataOutStage)
    USBD_LL_DevConnected                     0x08004ed9   Thumb Code     6  usbd_core.o(i.USBD_LL_DevConnected)
    USBD_LL_DevDisconnected                  0x08004edf   Thumb Code    38  usbd_core.o(i.USBD_LL_DevDisconnected)
    USBD_LL_GetRxDataSize                    0x08004f05   Thumb Code    18  usbd_conf.o(i.USBD_LL_GetRxDataSize)
    USBD_LL_Init                             0x08004f19   Thumb Code   100  usbd_conf.o(i.USBD_LL_Init)
    USBD_LL_IsStallEP                        0x08004f81   Thumb Code    56  usbd_conf.o(i.USBD_LL_IsStallEP)
    USBD_LL_IsoINIncomplete                  0x08004fb9   Thumb Code    72  usbd_core.o(i.USBD_LL_IsoINIncomplete)
    USBD_LL_IsoOUTIncomplete                 0x08005001   Thumb Code    72  usbd_core.o(i.USBD_LL_IsoOUTIncomplete)
    USBD_LL_OpenEP                           0x08005049   Thumb Code    48  usbd_conf.o(i.USBD_LL_OpenEP)
    USBD_LL_PrepareReceive                   0x08005079   Thumb Code    48  usbd_conf.o(i.USBD_LL_PrepareReceive)
    USBD_LL_Reset                            0x080050a9   Thumb Code   108  usbd_core.o(i.USBD_LL_Reset)
    USBD_LL_Resume                           0x08005115   Thumb Code    22  usbd_core.o(i.USBD_LL_Resume)
    USBD_LL_SOF                              0x0800512b   Thumb Code    40  usbd_core.o(i.USBD_LL_SOF)
    USBD_LL_SetSpeed                         0x08005153   Thumb Code     8  usbd_core.o(i.USBD_LL_SetSpeed)
    USBD_LL_SetUSBAddress                    0x0800515b   Thumb Code    38  usbd_conf.o(i.USBD_LL_SetUSBAddress)
    USBD_LL_SetupStage                       0x08005181   Thumb Code   118  usbd_core.o(i.USBD_LL_SetupStage)
    USBD_LL_StallEP                          0x080051f7   Thumb Code    38  usbd_conf.o(i.USBD_LL_StallEP)
    USBD_LL_Start                            0x0800521d   Thumb Code    30  usbd_conf.o(i.USBD_LL_Start)
    USBD_LL_Suspend                          0x0800523b   Thumb Code    28  usbd_core.o(i.USBD_LL_Suspend)
    USBD_LL_Transmit                         0x08005257   Thumb Code    48  usbd_conf.o(i.USBD_LL_Transmit)
    USBD_ParseSetupRequest                   0x08005287   Thumb Code    54  usbd_ctlreq.o(i.USBD_ParseSetupRequest)
    USBD_RegisterClass                       0x080052bd   Thumb Code    72  usbd_core.o(i.USBD_RegisterClass)
    USBD_RunTestMode                         0x08005305   Thumb Code     6  usbd_core.o(i.USBD_RunTestMode)
    USBD_SetClassConfig                      0x08005365   Thumb Code    32  usbd_core.o(i.USBD_SetClassConfig)
    USBD_Start                               0x080054c1   Thumb Code    12  usbd_core.o(i.USBD_Start)
    USBD_StdDevReq                           0x080054cd   Thumb Code   174  usbd_ctlreq.o(i.USBD_StdDevReq)
    USBD_StdEPReq                            0x0800557b   Thumb Code   640  usbd_ctlreq.o(i.USBD_StdEPReq)
    USBD_StdItfReq                           0x080057fb   Thumb Code   174  usbd_ctlreq.o(i.USBD_StdItfReq)
    USBD_static_free                         0x080058a9   Thumb Code     2  usbd_conf.o(i.USBD_static_free)
    USBD_static_malloc                       0x080058ad   Thumb Code     6  usbd_conf.o(i.USBD_static_malloc)
    USB_ActivateEndpoint                     0x080058b9   Thumb Code   202  stm32f4xx_ll_usb.o(i.USB_ActivateEndpoint)
    USB_ActivateSetup                        0x08005989   Thumb Code    40  stm32f4xx_ll_usb.o(i.USB_ActivateSetup)
    USB_CoreInit                             0x080059b1   Thumb Code   136  stm32f4xx_ll_usb.o(i.USB_CoreInit)
    USB_DeactivateEndpoint                   0x08005a91   Thumb Code   318  stm32f4xx_ll_usb.o(i.USB_DeactivateEndpoint)
    USB_DevConnect                           0x08005bdd   Thumb Code    36  stm32f4xx_ll_usb.o(i.USB_DevConnect)
    USB_DevDisconnect                        0x08005c01   Thumb Code    36  stm32f4xx_ll_usb.o(i.USB_DevDisconnect)
    USB_DevInit                              0x08005c25   Thumb Code   472  stm32f4xx_ll_usb.o(i.USB_DevInit)
    USB_DisableGlobalInt                     0x08005e05   Thumb Code    14  stm32f4xx_ll_usb.o(i.USB_DisableGlobalInt)
    USB_EP0_OutStart                         0x08005e15   Thumb Code   106  stm32f4xx_ll_usb.o(i.USB_EP0_OutStart)
    USB_EPClearStall                         0x08005e85   Thumb Code   142  stm32f4xx_ll_usb.o(i.USB_EPClearStall)
    USB_EPSetStall                           0x08005f13   Thumb Code   154  stm32f4xx_ll_usb.o(i.USB_EPSetStall)
    USB_EPStartXfer                          0x08005fad   Thumb Code   954  stm32f4xx_ll_usb.o(i.USB_EPStartXfer)
    USB_EPStopXfer                           0x0800636d   Thumb Code   236  stm32f4xx_ll_usb.o(i.USB_EPStopXfer)
    USB_EnableGlobalInt                      0x08006459   Thumb Code    14  stm32f4xx_ll_usb.o(i.USB_EnableGlobalInt)
    USB_FlushRxFifo                          0x08006467   Thumb Code    80  stm32f4xx_ll_usb.o(i.USB_FlushRxFifo)
    USB_FlushTxFifo                          0x080064b7   Thumb Code    84  stm32f4xx_ll_usb.o(i.USB_FlushTxFifo)
    USB_GetDevSpeed                          0x0800650b   Thumb Code    38  stm32f4xx_ll_usb.o(i.USB_GetDevSpeed)
    USB_GetMode                              0x08006531   Thumb Code    10  stm32f4xx_ll_usb.o(i.USB_GetMode)
    USB_ReadDevAllInEpInterrupt              0x0800653b   Thumb Code    20  stm32f4xx_ll_usb.o(i.USB_ReadDevAllInEpInterrupt)
    USB_ReadDevAllOutEpInterrupt             0x0800654f   Thumb Code    20  stm32f4xx_ll_usb.o(i.USB_ReadDevAllOutEpInterrupt)
    USB_ReadDevInEPInterrupt                 0x08006563   Thumb Code    50  stm32f4xx_ll_usb.o(i.USB_ReadDevInEPInterrupt)
    USB_ReadDevOutEPInterrupt                0x08006595   Thumb Code    26  stm32f4xx_ll_usb.o(i.USB_ReadDevOutEPInterrupt)
    USB_ReadInterrupts                       0x080065af   Thumb Code    10  stm32f4xx_ll_usb.o(i.USB_ReadInterrupts)
    USB_ReadPacket                           0x080065b9   Thumb Code    96  stm32f4xx_ll_usb.o(i.USB_ReadPacket)
    USB_SetCurrentMode                       0x08006619   Thumb Code   104  stm32f4xx_ll_usb.o(i.USB_SetCurrentMode)
    USB_SetDevAddress                        0x08006681   Thumb Code    42  stm32f4xx_ll_usb.o(i.USB_SetDevAddress)
    USB_SetDevSpeed                          0x080066ab   Thumb Code    18  stm32f4xx_ll_usb.o(i.USB_SetDevSpeed)
    USB_SetTurnaroundTime                    0x080066bd   Thumb Code   192  stm32f4xx_ll_usb.o(i.USB_SetTurnaroundTime)
    USB_WritePacket                          0x080067a5   Thumb Code    68  stm32f4xx_ll_usb.o(i.USB_WritePacket)
    UsageFault_Handler                       0x080067e9   Thumb Code     4  stm32f4xx_it.o(i.UsageFault_Handler)
    main                                     0x08006825   Thumb Code   132  main.o(i.main)
    uint_to_float                            0x080068b9   Thumb Code    52  dm_imu.o(i.uint_to_float)
    _fp_init                                 0x080068ed   Thumb Code    10  fpinit.o(x$fpl$fpinit)
    __fplib_config_fpu_vfp                   0x080068f5   Thumb Code     0  fpinit.o(x$fpl$fpinit)
    __fplib_config_pureend_doubles           0x080068f5   Thumb Code     0  fpinit.o(x$fpl$fpinit)
    AHBPrescTable                            0x080068f6   Data          16  system_stm32f4xx.o(.constdata)
    APBPrescTable                            0x08006906   Data           8  system_stm32f4xx.o(.constdata)
    Region$$Table$$Base                      0x08006910   Number         0  anon$$obj.o(Region$$Table)
    Region$$Table$$Limit                     0x08006930   Number         0  anon$$obj.o(Region$$Table)
    freq_1k                                  0x20000000   Data           1  main.o(.data)
    FS_Desc                                  0x20000010   Data          32  usbd_desc.o(.data)
    USBD_FS_DeviceDesc                       0x20000030   Data          18  usbd_desc.o(.data)
    USBD_FS_BOSDesc                          0x20000044   Data          12  usbd_desc.o(.data)
    USBD_LangIDDesc                          0x20000050   Data           4  usbd_desc.o(.data)
    USBD_StringSerial                        0x20000054   Data          26  usbd_desc.o(.data)
    USBD_Interface_fops_FS                   0x20000070   Data          20  usbd_cdc_if.o(.data)
    uwTick                                   0x20000084   Data           4  stm32f4xx_hal.o(.data)
    uwTickPrio                               0x20000088   Data           4  stm32f4xx_hal.o(.data)
    uwTickFreq                               0x2000008c   Data           1  stm32f4xx_hal.o(.data)
    SystemCoreClock                          0x20000090   Data           4  system_stm32f4xx.o(.data)
    USBD_CDC                                 0x200000a4   Data          56  usbd_cdc.o(.data)
    hcan1                                    0x20000124   Data         100  can.o(.bss)
    hcan2                                    0x20000188   Data         100  can.o(.bss)
    htim1                                    0x200001ec   Data         180  tim.o(.bss)
    hUsbDeviceFS                             0x200002a0   Data         732  usb_device.o(.bss)
    USBD_StrDesc                             0x2000057c   Data         512  usbd_desc.o(.bss)
    UserRxBufferFS                           0x2000077c   Data        2048  usbd_cdc_if.o(.bss)
    UserTxBufferFS                           0x20000f7c   Data        2048  usbd_cdc_if.o(.bss)
    hpcd_USB_OTG_FS                          0x2000177c   Data        1252  usbd_conf.o(.bss)
    imu                                      0x20001e80   Data          56  dm_imu.o(.bss)
    __libspace_start                         0x20001eb8   Data          96  libspace.o(.bss)
    __temporary_stack_top$libspace           0x20001f18   Data           0  libspace.o(.bss)



==============================================================================

Memory Map of the image

  Image Entry point : 0x080001c5

  Load Region LR_IROM1 (Base: 0x08000000, Size: 0x00006a54, Max: 0x00040000, ABSOLUTE)

    Execution Region ER_IROM1 (Exec base: 0x08000000, Load base: 0x08000000, Size: 0x00006930, Max: 0x00040000, ABSOLUTE)

    Exec Addr    Load Addr    Size         Type   Attr      Idx    E Section Name        Object

    0x08000000   0x08000000   0x000001c4   Data   RO            3    RESET               startup_stm32f446xx.o
    0x080001c4   0x080001c4   0x00000008   Code   RO         4586  * !!!main             c_w.l(__main.o)
    0x080001cc   0x080001cc   0x00000034   Code   RO         4755    !!!scatter          c_w.l(__scatter.o)
    0x08000200   0x08000200   0x0000001a   Code   RO         4757    !!handler_copy      c_w.l(__scatter_copy.o)
    0x0800021a   0x0800021a   0x00000002   PAD
    0x0800021c   0x0800021c   0x0000001c   Code   RO         4759    !!handler_zi        c_w.l(__scatter_zi.o)
    0x08000238   0x08000238   0x00000002   Code   RO         4623    .ARM.Collect$$libinit$$00000000  c_w.l(libinit.o)
    0x0800023a   0x0800023a   0x00000004   Code   RO         4635    .ARM.Collect$$libinit$$00000001  c_w.l(libinit2.o)
    0x0800023e   0x0800023e   0x00000000   Code   RO         4638    .ARM.Collect$$libinit$$00000004  c_w.l(libinit2.o)
    0x0800023e   0x0800023e   0x00000000   Code   RO         4641    .ARM.Collect$$libinit$$0000000A  c_w.l(libinit2.o)
    0x0800023e   0x0800023e   0x00000000   Code   RO         4643    .ARM.Collect$$libinit$$0000000C  c_w.l(libinit2.o)
    0x0800023e   0x0800023e   0x00000000   Code   RO         4645    .ARM.Collect$$libinit$$0000000E  c_w.l(libinit2.o)
    0x0800023e   0x0800023e   0x00000000   Code   RO         4648    .ARM.Collect$$libinit$$00000011  c_w.l(libinit2.o)
    0x0800023e   0x0800023e   0x00000000   Code   RO         4650    .ARM.Collect$$libinit$$00000013  c_w.l(libinit2.o)
    0x0800023e   0x0800023e   0x00000000   Code   RO         4652    .ARM.Collect$$libinit$$00000015  c_w.l(libinit2.o)
    0x0800023e   0x0800023e   0x00000000   Code   RO         4654    .ARM.Collect$$libinit$$00000017  c_w.l(libinit2.o)
    0x0800023e   0x0800023e   0x00000000   Code   RO         4656    .ARM.Collect$$libinit$$00000019  c_w.l(libinit2.o)
    0x0800023e   0x0800023e   0x00000000   Code   RO         4658    .ARM.Collect$$libinit$$0000001B  c_w.l(libinit2.o)
    0x0800023e   0x0800023e   0x00000000   Code   RO         4660    .ARM.Collect$$libinit$$0000001D  c_w.l(libinit2.o)
    0x0800023e   0x0800023e   0x00000000   Code   RO         4662    .ARM.Collect$$libinit$$0000001F  c_w.l(libinit2.o)
    0x0800023e   0x0800023e   0x00000000   Code   RO         4664    .ARM.Collect$$libinit$$00000021  c_w.l(libinit2.o)
    0x0800023e   0x0800023e   0x00000000   Code   RO         4666    .ARM.Collect$$libinit$$00000023  c_w.l(libinit2.o)
    0x0800023e   0x0800023e   0x00000000   Code   RO         4668    .ARM.Collect$$libinit$$00000025  c_w.l(libinit2.o)
    0x0800023e   0x0800023e   0x00000000   Code   RO         4672    .ARM.Collect$$libinit$$0000002C  c_w.l(libinit2.o)
    0x0800023e   0x0800023e   0x00000000   Code   RO         4674    .ARM.Collect$$libinit$$0000002E  c_w.l(libinit2.o)
    0x0800023e   0x0800023e   0x00000000   Code   RO         4676    .ARM.Collect$$libinit$$00000030  c_w.l(libinit2.o)
    0x0800023e   0x0800023e   0x00000000   Code   RO         4678    .ARM.Collect$$libinit$$00000032  c_w.l(libinit2.o)
    0x0800023e   0x0800023e   0x00000002   Code   RO         4679    .ARM.Collect$$libinit$$00000033  c_w.l(libinit2.o)
    0x08000240   0x08000240   0x00000002   Code   RO         4710    .ARM.Collect$$libshutdown$$00000000  c_w.l(libshutdown.o)
    0x08000242   0x08000242   0x00000000   Code   RO         4736    .ARM.Collect$$libshutdown$$00000002  c_w.l(libshutdown2.o)
    0x08000242   0x08000242   0x00000000   Code   RO         4738    .ARM.Collect$$libshutdown$$00000004  c_w.l(libshutdown2.o)
    0x08000242   0x08000242   0x00000000   Code   RO         4740    .ARM.Collect$$libshutdown$$00000006  c_w.l(libshutdown2.o)
    0x08000242   0x08000242   0x00000000   Code   RO         4743    .ARM.Collect$$libshutdown$$00000009  c_w.l(libshutdown2.o)
    0x08000242   0x08000242   0x00000000   Code   RO         4746    .ARM.Collect$$libshutdown$$0000000C  c_w.l(libshutdown2.o)
    0x08000242   0x08000242   0x00000000   Code   RO         4748    .ARM.Collect$$libshutdown$$0000000E  c_w.l(libshutdown2.o)
    0x08000242   0x08000242   0x00000000   Code   RO         4751    .ARM.Collect$$libshutdown$$00000011  c_w.l(libshutdown2.o)
    0x08000242   0x08000242   0x00000002   Code   RO         4752    .ARM.Collect$$libshutdown$$00000012  c_w.l(libshutdown2.o)
    0x08000244   0x08000244   0x00000000   Code   RO         4588    .ARM.Collect$$rtentry$$00000000  c_w.l(__rtentry.o)
    0x08000244   0x08000244   0x00000000   Code   RO         4594    .ARM.Collect$$rtentry$$00000002  c_w.l(__rtentry2.o)
    0x08000244   0x08000244   0x00000006   Code   RO         4606    .ARM.Collect$$rtentry$$00000004  c_w.l(__rtentry4.o)
    0x0800024a   0x0800024a   0x00000000   Code   RO         4596    .ARM.Collect$$rtentry$$00000009  c_w.l(__rtentry2.o)
    0x0800024a   0x0800024a   0x00000004   Code   RO         4597    .ARM.Collect$$rtentry$$0000000A  c_w.l(__rtentry2.o)
    0x0800024e   0x0800024e   0x00000000   Code   RO         4599    .ARM.Collect$$rtentry$$0000000C  c_w.l(__rtentry2.o)
    0x0800024e   0x0800024e   0x00000008   Code   RO         4600    .ARM.Collect$$rtentry$$0000000D  c_w.l(__rtentry2.o)
    0x08000256   0x08000256   0x00000002   Code   RO         4627    .ARM.Collect$$rtexit$$00000000  c_w.l(rtexit.o)
    0x08000258   0x08000258   0x00000000   Code   RO         4683    .ARM.Collect$$rtexit$$00000002  c_w.l(rtexit2.o)
    0x08000258   0x08000258   0x00000004   Code   RO         4684    .ARM.Collect$$rtexit$$00000003  c_w.l(rtexit2.o)
    0x0800025c   0x0800025c   0x00000006   Code   RO         4685    .ARM.Collect$$rtexit$$00000004  c_w.l(rtexit2.o)
    0x08000262   0x08000262   0x00000002   PAD
    0x08000264   0x08000264   0x00000040   Code   RO            4    .text               startup_stm32f446xx.o
    0x080002a4   0x080002a4   0x000000ee   Code   RO         4580    .text               c_w.l(lludivv7m.o)
    0x08000392   0x08000392   0x0000004e   Code   RO         4582    .text               c_w.l(rt_memclr_w.o)
    0x080003e0   0x080003e0   0x00000006   Code   RO         4584    .text               c_w.l(heapauxi.o)
    0x080003e6   0x080003e6   0x0000004a   Code   RO         4610    .text               c_w.l(sys_stackheap_outer.o)
    0x08000430   0x08000430   0x00000012   Code   RO         4612    .text               c_w.l(exit.o)
    0x08000442   0x08000442   0x00000002   PAD
    0x08000444   0x08000444   0x00000008   Code   RO         4624    .text               c_w.l(libspace.o)
    0x0800044c   0x0800044c   0x0000000c   Code   RO         4680    .text               c_w.l(sys_exit.o)
    0x08000458   0x08000458   0x00000002   Code   RO         4699    .text               c_w.l(use_no_semi.o)
    0x0800045a   0x0800045a   0x00000000   Code   RO         4701    .text               c_w.l(indicate_semi.o)
    0x0800045a   0x0800045a   0x00000004   Code   RO          324    i.BusFault_Handler  stm32f4xx_it.o
    0x0800045e   0x0800045e   0x00000002   PAD
    0x08000460   0x08000460   0x00000010   Code   RO          325    i.CAN1_RX0_IRQHandler  stm32f4xx_it.o
    0x08000470   0x08000470   0x00000010   Code   RO          326    i.CAN1_RX1_IRQHandler  stm32f4xx_it.o
    0x08000480   0x08000480   0x00000010   Code   RO          327    i.CAN2_RX0_IRQHandler  stm32f4xx_it.o
    0x08000490   0x08000490   0x00000010   Code   RO          328    i.CAN2_RX1_IRQHandler  stm32f4xx_it.o
    0x080004a0   0x080004a0   0x00000058   Code   RO          221    i.CAN_FilterInit    can.o
    0x080004f8   0x080004f8   0x00000044   Code   RO          604    i.CDC_Control_FS    usbd_cdc_if.o
    0x0800053c   0x0800053c   0x00000004   Code   RO          605    i.CDC_DeInit_FS     usbd_cdc_if.o
    0x08000540   0x08000540   0x00000024   Code   RO          606    i.CDC_Init_FS       usbd_cdc_if.o
    0x08000564   0x08000564   0x0000001c   Code   RO          607    i.CDC_Receive_FS    usbd_cdc_if.o
    0x08000580   0x08000580   0x0000000c   Code   RO          608    i.CDC_TransmitCplt_FS  usbd_cdc_if.o
    0x0800058c   0x0800058c   0x00000002   Code   RO          329    i.DebugMon_Handler  stm32f4xx_it.o
    0x0800058e   0x0800058e   0x00000006   Code   RO           13    i.Error_Handler     main.o
    0x08000594   0x08000594   0x00000034   Code   RO          508    i.Get_SerialNum     usbd_desc.o
    0x080005c8   0x080005c8   0x0000002a   Code   RO         2795    i.HAL_CAN_ActivateNotification  stm32f4xx_hal_can.o
    0x080005f2   0x080005f2   0x0000014a   Code   RO         2796    i.HAL_CAN_AddTxMessage  stm32f4xx_hal_can.o
    0x0800073c   0x0800073c   0x00000124   Code   RO         2797    i.HAL_CAN_ConfigFilter  stm32f4xx_hal_can.o
    0x08000860   0x08000860   0x00000002   Code   RO         2800    i.HAL_CAN_ErrorCallback  stm32f4xx_hal_can.o
    0x08000862   0x08000862   0x00000194   Code   RO         2803    i.HAL_CAN_GetRxMessage  stm32f4xx_hal_can.o
    0x080009f6   0x080009f6   0x00000036   Code   RO         2805    i.HAL_CAN_GetTxMailboxesFreeLevel  stm32f4xx_hal_can.o
    0x08000a2c   0x08000a2c   0x0000024e   Code   RO         2807    i.HAL_CAN_IRQHandler  stm32f4xx_hal_can.o
    0x08000c7a   0x08000c7a   0x00000002   PAD
    0x08000c7c   0x08000c7c   0x000001ec   Code   RO         2808    i.HAL_CAN_Init      stm32f4xx_hal_can.o
    0x08000e68   0x08000e68   0x00000180   Code   RO          223    i.HAL_CAN_MspInit   can.o
    0x08000fe8   0x08000fe8   0x00000002   Code   RO         2816    i.HAL_CAN_RxFifo0FullCallback  stm32f4xx_hal_can.o
    0x08000fea   0x08000fea   0x00000002   PAD
    0x08000fec   0x08000fec   0x00000054   Code   RO          224    i.HAL_CAN_RxFifo0MsgPendingCallback  can.o
    0x08001040   0x08001040   0x00000002   Code   RO         2818    i.HAL_CAN_RxFifo1FullCallback  stm32f4xx_hal_can.o
    0x08001042   0x08001042   0x00000002   Code   RO         2819    i.HAL_CAN_RxFifo1MsgPendingCallback  stm32f4xx_hal_can.o
    0x08001044   0x08001044   0x00000002   Code   RO         2820    i.HAL_CAN_SleepCallback  stm32f4xx_hal_can.o
    0x08001046   0x08001046   0x0000005e   Code   RO         2821    i.HAL_CAN_Start     stm32f4xx_hal_can.o
    0x080010a4   0x080010a4   0x00000002   Code   RO         2823    i.HAL_CAN_TxMailbox0AbortCallback  stm32f4xx_hal_can.o
    0x080010a6   0x080010a6   0x00000002   Code   RO         2824    i.HAL_CAN_TxMailbox0CompleteCallback  stm32f4xx_hal_can.o
    0x080010a8   0x080010a8   0x00000002   Code   RO         2825    i.HAL_CAN_TxMailbox1AbortCallback  stm32f4xx_hal_can.o
    0x080010aa   0x080010aa   0x00000002   Code   RO         2826    i.HAL_CAN_TxMailbox1CompleteCallback  stm32f4xx_hal_can.o
    0x080010ac   0x080010ac   0x00000002   Code   RO         2827    i.HAL_CAN_TxMailbox2AbortCallback  stm32f4xx_hal_can.o
    0x080010ae   0x080010ae   0x00000002   Code   RO         2828    i.HAL_CAN_TxMailbox2CompleteCallback  stm32f4xx_hal_can.o
    0x080010b0   0x080010b0   0x00000002   Code   RO         2831    i.HAL_CAN_WakeUpFromRxMsgCallback  stm32f4xx_hal_can.o
    0x080010b2   0x080010b2   0x00000002   PAD
    0x080010b4   0x080010b4   0x00000028   Code   RO         2543    i.HAL_Delay         stm32f4xx_hal.o
    0x080010dc   0x080010dc   0x000001e4   Code   RO         1976    i.HAL_GPIO_Init     stm32f4xx_hal_gpio.o
    0x080012c0   0x080012c0   0x0000000c   Code   RO         1980    i.HAL_GPIO_WritePin  stm32f4xx_hal_gpio.o
    0x080012cc   0x080012cc   0x0000000c   Code   RO         2549    i.HAL_GetTick       stm32f4xx_hal.o
    0x080012d8   0x080012d8   0x00000018   Code   RO         2555    i.HAL_IncTick       stm32f4xx_hal.o
    0x080012f0   0x080012f0   0x0000003c   Code   RO         2556    i.HAL_Init          stm32f4xx_hal.o
    0x0800132c   0x0800132c   0x0000004c   Code   RO         2557    i.HAL_InitTick      stm32f4xx_hal.o
    0x08001378   0x08001378   0x00000048   Code   RO          436    i.HAL_MspInit       stm32f4xx_hal_msp.o
    0x080013c0   0x080013c0   0x00000028   Code   RO         2386    i.HAL_NVIC_EnableIRQ  stm32f4xx_hal_cortex.o
    0x080013e8   0x080013e8   0x0000007c   Code   RO         2392    i.HAL_NVIC_SetPriority  stm32f4xx_hal_cortex.o
    0x08001464   0x08001464   0x00000028   Code   RO         2393    i.HAL_NVIC_SetPriorityGrouping  stm32f4xx_hal_cortex.o
    0x0800148c   0x0800148c   0x00000028   Code   RO         1117    i.HAL_PCDEx_ActivateLPM  stm32f4xx_hal_pcd_ex.o
    0x080014b4   0x080014b4   0x00000070   Code   RO          661    i.HAL_PCDEx_LPM_Callback  usbd_conf.o
    0x08001524   0x08001524   0x0000000a   Code   RO         1121    i.HAL_PCDEx_SetRxFiFo  stm32f4xx_hal_pcd_ex.o
    0x0800152e   0x0800152e   0x0000004e   Code   RO         1122    i.HAL_PCDEx_SetTxFiFo  stm32f4xx_hal_pcd_ex.o
    0x0800157c   0x0800157c   0x0000000e   Code   RO          662    i.HAL_PCD_ConnectCallback  usbd_conf.o
    0x0800158a   0x0800158a   0x00000020   Code   RO          663    i.HAL_PCD_DataInStageCallback  usbd_conf.o
    0x080015aa   0x080015aa   0x00000020   Code   RO          664    i.HAL_PCD_DataOutStageCallback  usbd_conf.o
    0x080015ca   0x080015ca   0x0000000e   Code   RO          665    i.HAL_PCD_DisconnectCallback  usbd_conf.o
    0x080015d8   0x080015d8   0x00000042   Code   RO          883    i.HAL_PCD_EP_Abort  stm32f4xx_hal_pcd.o
    0x0800161a   0x0800161a   0x0000006a   Code   RO          884    i.HAL_PCD_EP_Close  stm32f4xx_hal_pcd.o
    0x08001684   0x08001684   0x0000007c   Code   RO          885    i.HAL_PCD_EP_ClrStall  stm32f4xx_hal_pcd.o
    0x08001700   0x08001700   0x00000016   Code   RO          887    i.HAL_PCD_EP_GetRxCount  stm32f4xx_hal_pcd.o
    0x08001716   0x08001716   0x0000008e   Code   RO          888    i.HAL_PCD_EP_Open   stm32f4xx_hal_pcd.o
    0x080017a4   0x080017a4   0x00000046   Code   RO          889    i.HAL_PCD_EP_Receive  stm32f4xx_hal_pcd.o
    0x080017ea   0x080017ea   0x0000008a   Code   RO          890    i.HAL_PCD_EP_SetStall  stm32f4xx_hal_pcd.o
    0x08001874   0x08001874   0x00000048   Code   RO          891    i.HAL_PCD_EP_Transmit  stm32f4xx_hal_pcd.o
    0x080018bc   0x080018bc   0x0000070e   Code   RO          893    i.HAL_PCD_IRQHandler  stm32f4xx_hal_pcd.o
    0x08001fca   0x08001fca   0x00000012   Code   RO          666    i.HAL_PCD_ISOINIncompleteCallback  usbd_conf.o
    0x08001fdc   0x08001fdc   0x00000012   Code   RO          667    i.HAL_PCD_ISOOUTIncompleteCallback  usbd_conf.o
    0x08001fee   0x08001fee   0x0000016a   Code   RO          896    i.HAL_PCD_Init      stm32f4xx_hal_pcd.o
    0x08002158   0x08002158   0x000000c8   Code   RO          669    i.HAL_PCD_MspInit   usbd_conf.o
    0x08002220   0x08002220   0x00000030   Code   RO          670    i.HAL_PCD_ResetCallback  usbd_conf.o
    0x08002250   0x08002250   0x0000000e   Code   RO          671    i.HAL_PCD_ResumeCallback  usbd_conf.o
    0x0800225e   0x0800225e   0x0000000e   Code   RO          672    i.HAL_PCD_SOFCallback  usbd_conf.o
    0x0800226c   0x0800226c   0x00000034   Code   RO          902    i.HAL_PCD_SetAddress  stm32f4xx_hal_pcd.o
    0x080022a0   0x080022a0   0x00000012   Code   RO          673    i.HAL_PCD_SetupStageCallback  usbd_conf.o
    0x080022b2   0x080022b2   0x0000004c   Code   RO          905    i.HAL_PCD_Start     stm32f4xx_hal_pcd.o
    0x080022fe   0x080022fe   0x00000002   PAD
    0x08002300   0x08002300   0x00000034   Code   RO          674    i.HAL_PCD_SuspendCallback  usbd_conf.o
    0x08002334   0x08002334   0x00000558   Code   RO         1590    i.HAL_RCCEx_PeriphCLKConfig  stm32f4xx_hal_rcc_ex.o
    0x0800288c   0x0800288c   0x00000184   Code   RO         1483    i.HAL_RCC_ClockConfig  stm32f4xx_hal_rcc.o
    0x08002a10   0x08002a10   0x0000000c   Code   RO         1488    i.HAL_RCC_GetHCLKFreq  stm32f4xx_hal_rcc.o
    0x08002a1c   0x08002a1c   0x00000118   Code   RO         1594    i.HAL_RCC_GetSysClockFreq  stm32f4xx_hal_rcc_ex.o
    0x08002b34   0x08002b34   0x000004e8   Code   RO         1595    i.HAL_RCC_OscConfig  stm32f4xx_hal_rcc_ex.o
    0x0800301c   0x0800301c   0x00000034   Code   RO         2397    i.HAL_SYSTICK_Config  stm32f4xx_hal_cortex.o
    0x08003050   0x08003050   0x00000002   Code   RO         3775    i.HAL_TIMEx_BreakCallback  stm32f4xx_hal_tim_ex.o
    0x08003052   0x08003052   0x00000002   Code   RO         3776    i.HAL_TIMEx_CommutCallback  stm32f4xx_hal_tim_ex.o
    0x08003054   0x08003054   0x00000002   Code   RO         3777    i.HAL_TIMEx_CommutHalfCpltCallback  stm32f4xx_hal_tim_ex.o
    0x08003056   0x08003056   0x00000002   PAD
    0x08003058   0x08003058   0x000000b4   Code   RO         3794    i.HAL_TIMEx_MasterConfigSynchronization  stm32f4xx_hal_tim_ex.o
    0x0800310c   0x0800310c   0x00000078   Code   RO         3042    i.HAL_TIM_Base_Init  stm32f4xx_hal_tim.o
    0x08003184   0x08003184   0x00000048   Code   RO          283    i.HAL_TIM_Base_MspInit  tim.o
    0x080031cc   0x080031cc   0x000000a8   Code   RO         3047    i.HAL_TIM_Base_Start_IT  stm32f4xx_hal_tim.o
    0x08003274   0x08003274   0x0000010c   Code   RO         3051    i.HAL_TIM_ConfigClockSource  stm32f4xx_hal_tim.o
    0x08003380   0x08003380   0x00000002   Code   RO         3072    i.HAL_TIM_ErrorCallback  stm32f4xx_hal_tim.o
    0x08003382   0x08003382   0x00000002   Code   RO         3076    i.HAL_TIM_IC_CaptureCallback  stm32f4xx_hal_tim.o
    0x08003384   0x08003384   0x00000002   Code   RO         3077    i.HAL_TIM_IC_CaptureHalfCpltCallback  stm32f4xx_hal_tim.o
    0x08003386   0x08003386   0x0000018c   Code   RO         3090    i.HAL_TIM_IRQHandler  stm32f4xx_hal_tim.o
    0x08003512   0x08003512   0x00000002   Code   RO         3093    i.HAL_TIM_OC_DelayElapsedCallback  stm32f4xx_hal_tim.o
    0x08003514   0x08003514   0x00000002   Code   RO         3120    i.HAL_TIM_PWM_PulseFinishedCallback  stm32f4xx_hal_tim.o
    0x08003516   0x08003516   0x00000002   Code   RO         3121    i.HAL_TIM_PWM_PulseFinishedHalfCpltCallback  stm32f4xx_hal_tim.o
    0x08003518   0x08003518   0x00000018   Code   RO           14    i.HAL_TIM_PeriodElapsedCallback  main.o
    0x08003530   0x08003530   0x00000002   Code   RO         3129    i.HAL_TIM_PeriodElapsedHalfCpltCallback  stm32f4xx_hal_tim.o
    0x08003532   0x08003532   0x00000002   Code   RO         3134    i.HAL_TIM_TriggerCallback  stm32f4xx_hal_tim.o
    0x08003534   0x08003534   0x00000002   Code   RO         3135    i.HAL_TIM_TriggerHalfCpltCallback  stm32f4xx_hal_tim.o
    0x08003536   0x08003536   0x00000004   Code   RO          330    i.HardFault_Handler  stm32f4xx_it.o
    0x0800353a   0x0800353a   0x00000002   PAD
    0x0800353c   0x0800353c   0x00000050   Code   RO         4509    i.IMU_RequestData   dm_imu.o
    0x0800358c   0x0800358c   0x00000080   Code   RO         4510    i.IMU_UpdateAccel   dm_imu.o
    0x0800360c   0x0800360c   0x0000003c   Code   RO         4511    i.IMU_UpdateData    dm_imu.o
    0x08003648   0x08003648   0x0000007c   Code   RO         4512    i.IMU_UpdateEuler   dm_imu.o
    0x080036c4   0x080036c4   0x00000080   Code   RO         4513    i.IMU_UpdateGyro    dm_imu.o
    0x08003744   0x08003744   0x000000a0   Code   RO         4514    i.IMU_UpdateQuaternion  dm_imu.o
    0x080037e4   0x080037e4   0x0000003e   Code   RO          509    i.IntToUnicode      usbd_desc.o
    0x08003822   0x08003822   0x00000002   PAD
    0x08003824   0x08003824   0x0000004c   Code   RO          225    i.MX_CAN1_Init      can.o
    0x08003870   0x08003870   0x0000004c   Code   RO          226    i.MX_CAN2_Init      can.o
    0x080038bc   0x080038bc   0x000000b4   Code   RO          197    i.MX_GPIO_Init      gpio.o
    0x08003970   0x08003970   0x00000074   Code   RO          284    i.MX_TIM1_Init      tim.o
    0x080039e4   0x080039e4   0x0000004c   Code   RO          460    i.MX_USB_DEVICE_Init  usb_device.o
    0x08003a30   0x08003a30   0x00000004   Code   RO          331    i.MemManage_Handler  stm32f4xx_it.o
    0x08003a34   0x08003a34   0x00000004   Code   RO          332    i.NMI_Handler       stm32f4xx_it.o
    0x08003a38   0x08003a38   0x00000010   Code   RO          333    i.OTG_FS_IRQHandler  stm32f4xx_it.o
    0x08003a48   0x08003a48   0x00000064   Code   RO          909    i.PCD_EP_OutSetupPacket_int  stm32f4xx_hal_pcd.o
    0x08003aac   0x08003aac   0x00000144   Code   RO          910    i.PCD_EP_OutXfrComplete_int  stm32f4xx_hal_pcd.o
    0x08003bf0   0x08003bf0   0x000000b6   Code   RO          911    i.PCD_WriteEmptyTxFifo  stm32f4xx_hal_pcd.o
    0x08003ca6   0x08003ca6   0x00000002   Code   RO          334    i.PendSV_Handler    stm32f4xx_it.o
    0x08003ca8   0x08003ca8   0x00000002   Code   RO          335    i.SVC_Handler       stm32f4xx_it.o
    0x08003caa   0x08003caa   0x00000012   Code   RO         4241    i.SWAPBYTE          usbd_ctlreq.o
    0x08003cbc   0x08003cbc   0x00000008   Code   RO          336    i.SysTick_Handler   stm32f4xx_it.o
    0x08003cc4   0x08003cc4   0x000000b8   Code   RO           15    i.SystemClock_Config  main.o
    0x08003d7c   0x08003d7c   0x00000014   Code   RO         4043    i.SystemInit        system_stm32f4xx.o
    0x08003d90   0x08003d90   0x00000010   Code   RO          337    i.TIM1_UP_TIM10_IRQHandler  stm32f4xx_it.o
    0x08003da0   0x08003da0   0x000000e8   Code   RO         3137    i.TIM_Base_SetConfig  stm32f4xx_hal_tim.o
    0x08003e88   0x08003e88   0x00000016   Code   RO         3148    i.TIM_ETR_SetConfig  stm32f4xx_hal_tim.o
    0x08003e9e   0x08003e9e   0x00000012   Code   RO         3149    i.TIM_ITRx_SetConfig  stm32f4xx_hal_tim.o
    0x08003eb0   0x08003eb0   0x00000070   Code   RO         3154    i.TIM_ResetCallback  stm32f4xx_hal_tim.o
    0x08003f20   0x08003f20   0x00000026   Code   RO         3156    i.TIM_TI1_ConfigInputStage  stm32f4xx_hal_tim.o
    0x08003f46   0x08003f46   0x00000028   Code   RO         3158    i.TIM_TI2_ConfigInputStage  stm32f4xx_hal_tim.o
    0x08003f6e   0x08003f6e   0x000000c4   Code   RO         4404    i.USBD_CDC_DataIn   usbd_cdc.o
    0x08004032   0x08004032   0x00000048   Code   RO         4405    i.USBD_CDC_DataOut  usbd_cdc.o
    0x0800407a   0x0800407a   0x00000002   PAD
    0x0800407c   0x0800407c   0x000000d4   Code   RO         4406    i.USBD_CDC_DeInit   usbd_cdc.o
    0x08004150   0x08004150   0x00000050   Code   RO         4407    i.USBD_CDC_EP0_RxReady  usbd_cdc.o
    0x080041a0   0x080041a0   0x00000010   Code   RO         4408    i.USBD_CDC_GetDeviceQualifierDescriptor  usbd_cdc.o
    0x080041b0   0x080041b0   0x00000044   Code   RO         4409    i.USBD_CDC_GetFSCfgDesc  usbd_cdc.o
    0x080041f4   0x080041f4   0x00000048   Code   RO         4410    i.USBD_CDC_GetHSCfgDesc  usbd_cdc.o
    0x0800423c   0x0800423c   0x00000044   Code   RO         4411    i.USBD_CDC_GetOtherSpeedCfgDesc  usbd_cdc.o
    0x08004280   0x08004280   0x000001a0   Code   RO         4412    i.USBD_CDC_Init     usbd_cdc.o
    0x08004420   0x08004420   0x00000050   Code   RO         4413    i.USBD_CDC_ReceivePacket  usbd_cdc.o
    0x08004470   0x08004470   0x00000018   Code   RO         4414    i.USBD_CDC_RegisterInterface  usbd_cdc.o
    0x08004488   0x08004488   0x0000001e   Code   RO         4415    i.USBD_CDC_SetRxBuffer  usbd_cdc.o
    0x080044a6   0x080044a6   0x00000024   Code   RO         4416    i.USBD_CDC_SetTxBuffer  usbd_cdc.o
    0x080044ca   0x080044ca   0x00000140   Code   RO         4417    i.USBD_CDC_Setup    usbd_cdc.o
    0x0800460a   0x0800460a   0x0000001c   Code   RO         4079    i.USBD_ClrClassConfig  usbd_core.o
    0x08004626   0x08004626   0x0000003e   Code   RO         4242    i.USBD_ClrFeature   usbd_ctlreq.o
    0x08004664   0x08004664   0x00000006   Code   RO         4080    i.USBD_CoreFindEP   usbd_core.o
    0x0800466a   0x0800466a   0x00000006   Code   RO         4081    i.USBD_CoreFindIF   usbd_core.o
    0x08004670   0x08004670   0x00000018   Code   RO         4344    i.USBD_CtlContinueRx  usbd_ioreq.o
    0x08004688   0x08004688   0x00000018   Code   RO         4345    i.USBD_CtlContinueSendData  usbd_ioreq.o
    0x080046a0   0x080046a0   0x00000018   Code   RO         4243    i.USBD_CtlError     usbd_ctlreq.o
    0x080046b8   0x080046b8   0x00000028   Code   RO         4346    i.USBD_CtlPrepareRx  usbd_ioreq.o
    0x080046e0   0x080046e0   0x0000001a   Code   RO         4347    i.USBD_CtlReceiveStatus  usbd_ioreq.o
    0x080046fa   0x080046fa   0x00000022   Code   RO         4348    i.USBD_CtlSendData  usbd_ioreq.o
    0x0800471c   0x0800471c   0x0000001a   Code   RO         4349    i.USBD_CtlSendStatus  usbd_ioreq.o
    0x08004736   0x08004736   0x00000002   PAD
    0x08004738   0x08004738   0x00000034   Code   RO          510    i.USBD_FS_ConfigStrDescriptor  usbd_desc.o
    0x0800476c   0x0800476c   0x00000010   Code   RO          511    i.USBD_FS_DeviceDescriptor  usbd_desc.o
    0x0800477c   0x0800477c   0x00000038   Code   RO          512    i.USBD_FS_InterfaceStrDescriptor  usbd_desc.o
    0x080047b4   0x080047b4   0x00000010   Code   RO          513    i.USBD_FS_LangIDStrDescriptor  usbd_desc.o
    0x080047c4   0x080047c4   0x0000002c   Code   RO          514    i.USBD_FS_ManufacturerStrDescriptor  usbd_desc.o
    0x080047f0   0x080047f0   0x00000040   Code   RO          515    i.USBD_FS_ProductStrDescriptor  usbd_desc.o
    0x08004830   0x08004830   0x00000018   Code   RO          516    i.USBD_FS_SerialStrDescriptor  usbd_desc.o
    0x08004848   0x08004848   0x00000010   Code   RO          517    i.USBD_FS_USR_BOSDescriptor  usbd_desc.o
    0x08004858   0x08004858   0x00000056   Code   RO         4244    i.USBD_GetConfig    usbd_ctlreq.o
    0x080048ae   0x080048ae   0x00000232   Code   RO         4245    i.USBD_GetDescriptor  usbd_ctlreq.o
    0x08004ae0   0x08004ae0   0x00000050   Code   RO         4083    i.USBD_GetEpDesc    usbd_core.o
    0x08004b30   0x08004b30   0x00000016   Code   RO         4246    i.USBD_GetLen       usbd_ctlreq.o
    0x08004b46   0x08004b46   0x00000014   Code   RO         4084    i.USBD_GetNextDesc  usbd_core.o
    0x08004b5a   0x08004b5a   0x0000005a   Code   RO         4247    i.USBD_GetStatus    usbd_ctlreq.o
    0x08004bb4   0x08004bb4   0x00000068   Code   RO         4248    i.USBD_GetString    usbd_ctlreq.o
    0x08004c1c   0x08004c1c   0x0000002c   Code   RO          675    i.USBD_Get_USB_Status  usbd_conf.o
    0x08004c48   0x08004c48   0x0000003a   Code   RO         4085    i.USBD_Init         usbd_core.o
    0x08004c82   0x08004c82   0x00000026   Code   RO          676    i.USBD_LL_ClearStallEP  usbd_conf.o
    0x08004ca8   0x08004ca8   0x00000026   Code   RO          677    i.USBD_LL_CloseEP   usbd_conf.o
    0x08004cce   0x08004cce   0x00000108   Code   RO         4086    i.USBD_LL_DataInStage  usbd_core.o
    0x08004dd6   0x08004dd6   0x00000102   Code   RO         4087    i.USBD_LL_DataOutStage  usbd_core.o
    0x08004ed8   0x08004ed8   0x00000006   Code   RO         4088    i.USBD_LL_DevConnected  usbd_core.o
    0x08004ede   0x08004ede   0x00000026   Code   RO         4089    i.USBD_LL_DevDisconnected  usbd_core.o
    0x08004f04   0x08004f04   0x00000012   Code   RO          681    i.USBD_LL_GetRxDataSize  usbd_conf.o
    0x08004f16   0x08004f16   0x00000002   PAD
    0x08004f18   0x08004f18   0x00000068   Code   RO          682    i.USBD_LL_Init      usbd_conf.o
    0x08004f80   0x08004f80   0x00000038   Code   RO          683    i.USBD_LL_IsStallEP  usbd_conf.o
    0x08004fb8   0x08004fb8   0x00000048   Code   RO         4090    i.USBD_LL_IsoINIncomplete  usbd_core.o
    0x08005000   0x08005000   0x00000048   Code   RO         4091    i.USBD_LL_IsoOUTIncomplete  usbd_core.o
    0x08005048   0x08005048   0x00000030   Code   RO          684    i.USBD_LL_OpenEP    usbd_conf.o
    0x08005078   0x08005078   0x00000030   Code   RO          685    i.USBD_LL_PrepareReceive  usbd_conf.o
    0x080050a8   0x080050a8   0x0000006c   Code   RO         4092    i.USBD_LL_Reset     usbd_core.o
    0x08005114   0x08005114   0x00000016   Code   RO         4093    i.USBD_LL_Resume    usbd_core.o
    0x0800512a   0x0800512a   0x00000028   Code   RO         4094    i.USBD_LL_SOF       usbd_core.o
    0x08005152   0x08005152   0x00000008   Code   RO         4095    i.USBD_LL_SetSpeed  usbd_core.o
    0x0800515a   0x0800515a   0x00000026   Code   RO          686    i.USBD_LL_SetUSBAddress  usbd_conf.o
    0x08005180   0x08005180   0x00000076   Code   RO         4096    i.USBD_LL_SetupStage  usbd_core.o
    0x080051f6   0x080051f6   0x00000026   Code   RO          687    i.USBD_LL_StallEP   usbd_conf.o
    0x0800521c   0x0800521c   0x0000001e   Code   RO          688    i.USBD_LL_Start     usbd_conf.o
    0x0800523a   0x0800523a   0x0000001c   Code   RO         4097    i.USBD_LL_Suspend   usbd_core.o
    0x08005256   0x08005256   0x00000030   Code   RO          690    i.USBD_LL_Transmit  usbd_conf.o
    0x08005286   0x08005286   0x00000036   Code   RO         4249    i.USBD_ParseSetupRequest  usbd_ctlreq.o
    0x080052bc   0x080052bc   0x00000048   Code   RO         4098    i.USBD_RegisterClass  usbd_core.o
    0x08005304   0x08005304   0x00000006   Code   RO         4099    i.USBD_RunTestMode  usbd_core.o
    0x0800530a   0x0800530a   0x0000005a   Code   RO         4250    i.USBD_SetAddress   usbd_ctlreq.o
    0x08005364   0x08005364   0x00000020   Code   RO         4100    i.USBD_SetClassConfig  usbd_core.o
    0x08005384   0x08005384   0x00000104   Code   RO         4251    i.USBD_SetConfig    usbd_ctlreq.o
    0x08005488   0x08005488   0x00000038   Code   RO         4252    i.USBD_SetFeature   usbd_ctlreq.o
    0x080054c0   0x080054c0   0x0000000c   Code   RO         4101    i.USBD_Start        usbd_core.o
    0x080054cc   0x080054cc   0x000000ae   Code   RO         4253    i.USBD_StdDevReq    usbd_ctlreq.o
    0x0800557a   0x0800557a   0x00000280   Code   RO         4254    i.USBD_StdEPReq     usbd_ctlreq.o
    0x080057fa   0x080057fa   0x000000ae   Code   RO         4255    i.USBD_StdItfReq    usbd_ctlreq.o
    0x080058a8   0x080058a8   0x00000002   Code   RO          691    i.USBD_static_free  usbd_conf.o
    0x080058aa   0x080058aa   0x00000002   PAD
    0x080058ac   0x080058ac   0x0000000c   Code   RO          692    i.USBD_static_malloc  usbd_conf.o
    0x080058b8   0x080058b8   0x000000d0   Code   RO         1172    i.USB_ActivateEndpoint  stm32f4xx_ll_usb.o
    0x08005988   0x08005988   0x00000028   Code   RO         1174    i.USB_ActivateSetup  stm32f4xx_ll_usb.o
    0x080059b0   0x080059b0   0x0000008c   Code   RO         1176    i.USB_CoreInit      stm32f4xx_ll_usb.o
    0x08005a3c   0x08005a3c   0x00000054   Code   RO         1177    i.USB_CoreReset     stm32f4xx_ll_usb.o
    0x08005a90   0x08005a90   0x0000014c   Code   RO         1180    i.USB_DeactivateEndpoint  stm32f4xx_ll_usb.o
    0x08005bdc   0x08005bdc   0x00000024   Code   RO         1181    i.USB_DevConnect    stm32f4xx_ll_usb.o
    0x08005c00   0x08005c00   0x00000024   Code   RO         1182    i.USB_DevDisconnect  stm32f4xx_ll_usb.o
    0x08005c24   0x08005c24   0x000001e0   Code   RO         1183    i.USB_DevInit       stm32f4xx_ll_usb.o
    0x08005e04   0x08005e04   0x0000000e   Code   RO         1184    i.USB_DisableGlobalInt  stm32f4xx_ll_usb.o
    0x08005e12   0x08005e12   0x00000002   PAD
    0x08005e14   0x08005e14   0x00000070   Code   RO         1187    i.USB_EP0_OutStart  stm32f4xx_ll_usb.o
    0x08005e84   0x08005e84   0x0000008e   Code   RO         1188    i.USB_EPClearStall  stm32f4xx_ll_usb.o
    0x08005f12   0x08005f12   0x0000009a   Code   RO         1189    i.USB_EPSetStall    stm32f4xx_ll_usb.o
    0x08005fac   0x08005fac   0x000003c0   Code   RO         1190    i.USB_EPStartXfer   stm32f4xx_ll_usb.o
    0x0800636c   0x0800636c   0x000000ec   Code   RO         1191    i.USB_EPStopXfer    stm32f4xx_ll_usb.o
    0x08006458   0x08006458   0x0000000e   Code   RO         1192    i.USB_EnableGlobalInt  stm32f4xx_ll_usb.o
    0x08006466   0x08006466   0x00000050   Code   RO         1193    i.USB_FlushRxFifo   stm32f4xx_ll_usb.o
    0x080064b6   0x080064b6   0x00000054   Code   RO         1194    i.USB_FlushTxFifo   stm32f4xx_ll_usb.o
    0x0800650a   0x0800650a   0x00000026   Code   RO         1196    i.USB_GetDevSpeed   stm32f4xx_ll_usb.o
    0x08006530   0x08006530   0x0000000a   Code   RO         1198    i.USB_GetMode       stm32f4xx_ll_usb.o
    0x0800653a   0x0800653a   0x00000014   Code   RO         1206    i.USB_ReadDevAllInEpInterrupt  stm32f4xx_ll_usb.o
    0x0800654e   0x0800654e   0x00000014   Code   RO         1207    i.USB_ReadDevAllOutEpInterrupt  stm32f4xx_ll_usb.o
    0x08006562   0x08006562   0x00000032   Code   RO         1208    i.USB_ReadDevInEPInterrupt  stm32f4xx_ll_usb.o
    0x08006594   0x08006594   0x0000001a   Code   RO         1209    i.USB_ReadDevOutEPInterrupt  stm32f4xx_ll_usb.o
    0x080065ae   0x080065ae   0x0000000a   Code   RO         1210    i.USB_ReadInterrupts  stm32f4xx_ll_usb.o
    0x080065b8   0x080065b8   0x00000060   Code   RO         1211    i.USB_ReadPacket    stm32f4xx_ll_usb.o
    0x08006618   0x08006618   0x00000068   Code   RO         1213    i.USB_SetCurrentMode  stm32f4xx_ll_usb.o
    0x08006680   0x08006680   0x0000002a   Code   RO         1214    i.USB_SetDevAddress  stm32f4xx_ll_usb.o
    0x080066aa   0x080066aa   0x00000012   Code   RO         1215    i.USB_SetDevSpeed   stm32f4xx_ll_usb.o
    0x080066bc   0x080066bc   0x000000e8   Code   RO         1216    i.USB_SetTurnaroundTime  stm32f4xx_ll_usb.o
    0x080067a4   0x080067a4   0x00000044   Code   RO         1219    i.USB_WritePacket   stm32f4xx_ll_usb.o
    0x080067e8   0x080067e8   0x00000004   Code   RO          338    i.UsageFault_Handler  stm32f4xx_it.o
    0x080067ec   0x080067ec   0x00000010   Code   RO         2399    i.__NVIC_GetPriorityGrouping  stm32f4xx_hal_cortex.o
    0x080067fc   0x080067fc   0x00000028   Code   RO         2400    i.__NVIC_SetPriority  stm32f4xx_hal_cortex.o
    0x08006824   0x08006824   0x00000094   Code   RO           16    i.main              main.o
    0x080068b8   0x080068b8   0x00000034   Code   RO         4516    i.uint_to_float     dm_imu.o
    0x080068ec   0x080068ec   0x0000000a   Code   RO         4695    x$fpl$fpinit        fz_wm.l(fpinit.o)
    0x080068f6   0x080068f6   0x00000018   Data   RO         4044    .constdata          system_stm32f4xx.o
    0x0800690e   0x0800690e   0x00000002   PAD
    0x08006910   0x08006910   0x00000020   Data   RO         4753    Region$$Table       anon$$obj.o


    Execution Region RW_IRAM1 (Exec base: 0x20000000, Load base: 0x08006930, Size: 0x00002518, Max: 0x00020000, ABSOLUTE)

    Exec Addr    Load Addr    Size         Type   Attr      Idx    E Section Name        Object

    0x20000000   0x08006930   0x0000000c   Data   RW           17    .data               main.o
    0x2000000c   0x0800693c   0x00000004   Data   RW          228    .data               can.o
    0x20000010   0x08006940   0x0000005e   Data   RW          519    .data               usbd_desc.o
    0x2000006e   0x0800699e   0x00000002   PAD
    0x20000070   0x080069a0   0x00000014   Data   RW          611    .data               usbd_cdc_if.o
    0x20000084   0x080069b4   0x00000009   Data   RW         2563    .data               stm32f4xx_hal.o
    0x2000008d   0x080069bd   0x00000003   PAD
    0x20000090   0x080069c0   0x00000004   Data   RW         4045    .data               system_stm32f4xx.o
    0x20000094   0x080069c4   0x00000001   Data   RW         4256    .data               usbd_ctlreq.o
    0x20000095   0x080069c5   0x00000003   PAD
    0x20000098   0x080069c8   0x0000008a   Data   RW         4419    .data               usbd_cdc.o
    0x20000122   0x08006a52   0x00000002   PAD
    0x20000124        -       0x000000c8   Zero   RW          227    .bss                can.o
    0x200001ec        -       0x000000b4   Zero   RW          285    .bss                tim.o
    0x200002a0        -       0x000002dc   Zero   RW          461    .bss                usb_device.o
    0x2000057c        -       0x00000200   Zero   RW          518    .bss                usbd_desc.o
    0x2000077c        -       0x00001000   Zero   RW          610    .bss                usbd_cdc_if.o
    0x2000177c        -       0x00000704   Zero   RW          693    .bss                usbd_conf.o
    0x20001e80        -       0x00000038   Zero   RW         4517    .bss                dm_imu.o
    0x20001eb8        -       0x00000060   Zero   RW         4625    .bss                c_w.l(libspace.o)
    0x20001f18        -       0x00000200   Zero   RW            2    HEAP                startup_stm32f446xx.o
    0x20002118        -       0x00000400   Zero   RW            1    STACK               startup_stm32f446xx.o


==============================================================================

Image component sizes


      Code (inc. data)   RO Data    RW Data    ZI Data      Debug   Object Name

       708         58          0          4        200       3891   can.o
       732         60          0          0         56       5825   dm_imu.o
       180          8          0          0          0       1015   gpio.o
       362         32          0         12          0     735114   main.o
        64         26        452          0       1536        856   startup_stm32f446xx.o
       212         36          0          9          0       9437   stm32f4xx_hal.o
      2322         64          0          0          0      15613   stm32f4xx_hal_can.o
       312         22          0          0          0      34499   stm32f4xx_hal_cortex.o
       496         40          0          0          0       2172   stm32f4xx_hal_gpio.o
        72          4          0          0          0        906   stm32f4xx_hal_msp.o
      3642         16          0          0          0      14188   stm32f4xx_hal_pcd.o
       128          4          0          0          0       2568   stm32f4xx_hal_pcd_ex.o
       400         26          0          0          0       2188   stm32f4xx_hal_rcc.o
      2904         72          0          0          0       4710   stm32f4xx_hal_rcc_ex.o
      1432        134          0          0          0      13898   stm32f4xx_hal_tim.o
       186         30          0          0          0       3228   stm32f4xx_hal_tim_ex.o
       130         36          0          0          0       7557   stm32f4xx_it.o
      3886         84          0          0          0      23532   stm32f4xx_ll_usb.o
        20          6         24          4          0       1199   system_stm32f4xx.o
       188         18          0          0        180       1802   tim.o
        76         16          0          0        732       2659   usb_device.o
      1690         48          0        138          0      13855   usbd_cdc.o
       148         16          0         20       4096       3670   usbd_cdc_if.o
      1148         32          0          0       1796      19001   usbd_conf.o
      1354          0          0          0          0      17065   usbd_core.o
      2416         22          0          1          0      18296   usbd_ctlreq.o
       402        128          0         94        512       7829   usbd_desc.o
       174          0          0          0          0       4872   usbd_ioreq.o

    ----------------------------------------------------------------------
     25810       1038        510        292       9108     971445   Object Totals
         0          0         32          0          0          0   (incl. Generated)
        26          0          2         10          0          0   (incl. Padding)

    ----------------------------------------------------------------------

      Code (inc. data)   RO Data    RW Data    ZI Data      Debug   Library Member Name

         8          0          0          0          0         68   __main.o
         0          0          0          0          0          0   __rtentry.o
        12          0          0          0          0          0   __rtentry2.o
         6          0          0          0          0          0   __rtentry4.o
        52          8          0          0          0          0   __scatter.o
        26          0          0          0          0          0   __scatter_copy.o
        28          0          0          0          0          0   __scatter_zi.o
        18          0          0          0          0         80   exit.o
         6          0          0          0          0        152   heapauxi.o
         0          0          0          0          0          0   indicate_semi.o
         2          0          0          0          0          0   libinit.o
         6          0          0          0          0          0   libinit2.o
         2          0          0          0          0          0   libshutdown.o
         2          0          0          0          0          0   libshutdown2.o
         8          4          0          0         96         68   libspace.o
       238          0          0          0          0        100   lludivv7m.o
        78          0          0          0          0         80   rt_memclr_w.o
         2          0          0          0          0          0   rtexit.o
        10          0          0          0          0          0   rtexit2.o
        12          4          0          0          0         68   sys_exit.o
        74          0          0          0          0         80   sys_stackheap_outer.o
         2          0          0          0          0         68   use_no_semi.o
        10          0          0          0          0        116   fpinit.o

    ----------------------------------------------------------------------
       608         16          0          0         96        880   Library Totals
         6          0          0          0          0          0   (incl. Padding)

    ----------------------------------------------------------------------

      Code (inc. data)   RO Data    RW Data    ZI Data      Debug   Library Name

       592         16          0          0         96        764   c_w.l
        10          0          0          0          0        116   fz_wm.l

    ----------------------------------------------------------------------
       608         16          0          0         96        880   Library Totals

    ----------------------------------------------------------------------

==============================================================================


      Code (inc. data)   RO Data    RW Data    ZI Data      Debug   

     26418       1054        510        292       9204     948465   Grand Totals
     26418       1054        510        292       9204     948465   ELF Image Totals
     26418       1054        510        292          0          0   ROM Totals

==============================================================================

    Total RO  Size (Code + RO Data)                26928 (  26.30kB)
    Total RW  Size (RW Data + ZI Data)              9496 (   9.27kB)
    Total ROM Size (Code + RO Data + RW Data)      27220 (  26.58kB)

==============================================================================

